Component: ARM Compiler 6.7 Tool: armlink [5c9ef700]

==============================================================================

Section Cross References

    startup_stm32f103xe.o(RESET) refers to startup_stm32f103xe.o(STACK) for __initial_sp
    startup_stm32f103xe.o(RESET) refers to startup_stm32f103xe.o(.text) for Reset_Handler
    startup_stm32f103xe.o(RESET) refers to stm32f1xx_it.o(.text.NMI_Handler) for NMI_Handler
    startup_stm32f103xe.o(RESET) refers to stm32f1xx_it.o(.text.HardFault_Handler) for HardFault_Handler
    startup_stm32f103xe.o(RESET) refers to stm32f1xx_it.o(.text.MemManage_Handler) for MemManage_Handler
    startup_stm32f103xe.o(RESET) refers to stm32f1xx_it.o(.text.BusFault_Handler) for BusFault_Handler
    startup_stm32f103xe.o(RESET) refers to stm32f1xx_it.o(.text.UsageFault_Handler) for UsageFault_Handler
    startup_stm32f103xe.o(RESET) refers to stm32f1xx_it.o(.text.SVC_Handler) for SVC_Handler
    startup_stm32f103xe.o(RESET) refers to stm32f1xx_it.o(.text.DebugMon_Handler) for DebugMon_Handler
    startup_stm32f103xe.o(RESET) refers to stm32f1xx_it.o(.text.PendSV_Handler) for PendSV_Handler
    startup_stm32f103xe.o(RESET) refers to stm32f1xx_it.o(.text.SysTick_Handler) for SysTick_Handler
    startup_stm32f103xe.o(RESET) refers to stm32f1xx_it.o(.text.TIM1_CC_IRQHandler) for TIM1_CC_IRQHandler
    startup_stm32f103xe.o(RESET) refers to stm32f1xx_it.o(.text.TIM2_IRQHandler) for TIM2_IRQHandler
    startup_stm32f103xe.o(RESET) refers to stm32f1xx_it.o(.text.TIM3_IRQHandler) for TIM3_IRQHandler
    startup_stm32f103xe.o(RESET) refers to stm32f1xx_it.o(.text.TIM4_IRQHandler) for TIM4_IRQHandler
    startup_stm32f103xe.o(RESET) refers to stm32f1xx_it.o(.text.USART1_IRQHandler) for USART1_IRQHandler
    startup_stm32f103xe.o(RESET) refers to stm32f1xx_it.o(.text.USART2_IRQHandler) for USART2_IRQHandler
    startup_stm32f103xe.o(RESET) refers to stm32f1xx_it.o(.text.USART3_IRQHandler) for USART3_IRQHandler
    startup_stm32f103xe.o(RESET) refers to stm32f1xx_it.o(.text.TIM8_CC_IRQHandler) for TIM8_CC_IRQHandler
    startup_stm32f103xe.o(RESET) refers to stm32f1xx_it.o(.text.TIM5_IRQHandler) for TIM5_IRQHandler
    startup_stm32f103xe.o(.text) refers to system_stm32f1xx.o(.text.SystemInit) for SystemInit
    startup_stm32f103xe.o(.text) refers to entry.o(.ARM.Collect$$$$00000000) for __main
    outputdata.o(.ARM.exidx.text.CRC_CHECK) refers to outputdata.o(.text.CRC_CHECK) for [Anonymous Symbol]
    outputdata.o(.text.OutPut_Data) refers to ffixi.o(.text) for __aeabi_f2iz
    outputdata.o(.text.OutPut_Data) refers to outputdata.o(.text.CRC_CHECK) for CRC_CHECK
    outputdata.o(.text.OutPut_Data) refers to stm32f1xx_hal_uart.o(.text.HAL_UART_Transmit) for HAL_UART_Transmit
    outputdata.o(.text.OutPut_Data) refers to outputdata.o(.bss.OutData) for OutData
    outputdata.o(.text.OutPut_Data) refers to usart.o(.bss.huart1) for huart1
    outputdata.o(.ARM.exidx.text.OutPut_Data) refers to outputdata.o(.text.OutPut_Data) for [Anonymous Symbol]
    main.o(.text.fputc) refers to stm32f1xx_hal_uart.o(.text.HAL_UART_Transmit) for HAL_UART_Transmit
    main.o(.text.fputc) refers to usart.o(.bss.huart1) for huart1
    main.o(.ARM.exidx.text.fputc) refers to main.o(.text.fputc) for [Anonymous Symbol]
    main.o(.ARM.exidx.text.Read_MA_Encoder) refers to main.o(.text.Read_MA_Encoder) for [Anonymous Symbol]
    main.o(.text.HAL_TIM_PeriodElapsedCallback) refers to openmv.o(.text.LineOpenMV_GetPWM) for LineOpenMV_GetPWM
    main.o(.text.HAL_TIM_PeriodElapsedCallback) refers to openmv.o(.text.LineOpenMV_StopSingal) for LineOpenMV_StopSingal
    main.o(.text.HAL_TIM_PeriodElapsedCallback) refers to motor.o(.text.TurnChassis_Tim) for TurnChassis_Tim
    main.o(.text.HAL_TIM_PeriodElapsedCallback) refers to motor.o(.text.ChassisLine_Openmv) for ChassisLine_Openmv
    main.o(.text.HAL_TIM_PeriodElapsedCallback) refers to main.o(.data..L_MergedGlobals) for [Anonymous Symbol]
    main.o(.text.HAL_TIM_PeriodElapsedCallback) refers to tim.o(.bss.htim2) for htim2
    main.o(.text.HAL_TIM_PeriodElapsedCallback) refers to openmv.o(.bss..L_MergedGlobals) for openmv_turnway
    main.o(.ARM.exidx.text.HAL_TIM_PeriodElapsedCallback) refers to main.o(.text.HAL_TIM_PeriodElapsedCallback) for [Anonymous Symbol]
    main.o(.text.HAL_UART_RxCpltCallback) refers to openmv.o(.text.NumOpenMV_Recieve) for NumOpenMV_Recieve
    main.o(.text.HAL_UART_RxCpltCallback) refers to openmv.o(.text.LineOpenMV_Recieve) for LineOpenMV_Recieve
    main.o(.ARM.exidx.text.HAL_UART_RxCpltCallback) refers to main.o(.text.HAL_UART_RxCpltCallback) for [Anonymous Symbol]
    main.o(.text.main) refers to stm32f1xx_hal.o(.text.HAL_Init) for HAL_Init
    main.o(.text.main) refers to main.o(.text.SystemClock_Config) for SystemClock_Config
    main.o(.text.main) refers to gpio.o(.text.MX_GPIO_Init) for MX_GPIO_Init
    main.o(.text.main) refers to usart.o(.text.MX_USART1_UART_Init) for MX_USART1_UART_Init
[...]

    Local Symbols

    Symbol Name                              Value     Ov Type        Size  Object(Section)

    ../Drivers/STM32F1xx_HAL_Driver/Src/stm32f1xx_hal.c 0x00000000   Number         0  stm32f1xx_hal.o ABSOLUTE
    ../Drivers/STM32F1xx_HAL_Driver/Src/stm32f1xx_hal_cortex.c 0x00000000   Number         0  stm32f1xx_hal_cortex.o ABSOLUTE
    ../Drivers/STM32F1xx_HAL_Driver/Src/stm32f1xx_hal_dma.c 0x00000000   Number         0  stm32f1xx_hal_dma.o ABSOLUTE
    ../Drivers/STM32F1xx_HAL_Driver/Src/stm32f1xx_hal_exti.c 0x00000000   Number         0  stm32f1xx_hal_exti.o ABSOLUTE
    ../Drivers/STM32F1xx_HAL_Driver/Src/stm32f1xx_hal_flash.c 0x00000000   Number         0  stm32f1xx_hal_flash.o ABSOLUTE
    ../Drivers/STM32F1xx_HAL_Driver/Src/stm32f1xx_hal_flash_ex.c 0x00000000   Number         0  stm32f1xx_hal_flash_ex.o ABSOLUTE
    ../Drivers/STM32F1xx_HAL_Driver/Src/stm32f1xx_hal_gpio.c 0x00000000   Number         0  stm32f1xx_hal_gpio.o ABSOLUTE
    ../Drivers/STM32F1xx_HAL_Driver/Src/stm32f1xx_hal_gpio_ex.c 0x00000000   Number         0  stm32f1xx_hal_gpio_ex.o ABSOLUTE
    ../Drivers/STM32F1xx_HAL_Driver/Src/stm32f1xx_hal_pwr.c 0x00000000   Number         0  stm32f1xx_hal_pwr.o ABSOLUTE
    ../Drivers/STM32F1xx_HAL_Driver/Src/stm32f1xx_hal_rcc.c 0x00000000   Number         0  stm32f1xx_hal_rcc.o ABSOLUTE
    ../Drivers/STM32F1xx_HAL_Driver/Src/stm32f1xx_hal_rcc_ex.c 0x00000000   Number         0  stm32f1xx_hal_rcc_ex.o ABSOLUTE
    ../Drivers/STM32F1xx_HAL_Driver/Src/stm32f1xx_hal_tim.c 0x00000000   Number         0  stm32f1xx_hal_tim.o ABSOLUTE
    ../Drivers/STM32F1xx_HAL_Driver/Src/stm32f1xx_hal_tim_ex.c 0x00000000   Number         0  stm32f1xx_hal_tim_ex.o ABSOLUTE
    ../Drivers/STM32F1xx_HAL_Driver/Src/stm32f1xx_hal_uart.c 0x00000000   Number         0  stm32f1xx_hal_uart.o ABSOLUTE
    ../MyDevice/delay.c                      0x00000000   Number         0  delay.o ABSOLUTE
    ../MyDevice/jy901.c                      0x00000000   Number         0  jy901.o ABSOLUTE
    ../MyDevice/motor.c                      0x00000000   Number         0  motor.o ABSOLUTE
    ../MyDevice/openmv.c                     0x00000000   Number         0  openmv.o ABSOLUTE
    ../MyDevice/pid.c                        0x00000000   Number         0  pid.o ABSOLUTE
    ../Src/gpio.c                            0x00000000   Number         0  gpio.o ABSOLUTE
    ../Src/main.c                            0x00000000   Number         0  main.o ABSOLUTE
    ../Src/outputdata.c                      0x00000000   Number         0  outputdata.o ABSOLUTE
    ../Src/stm32f1xx_hal_msp.c               0x00000000   Number         0  stm32f1xx_hal_msp.o ABSOLUTE
    ../Src/stm32f1xx_it.c                    0x00000000   Number         0  stm32f1xx_it.o ABSOLUTE
    ../Src/system_stm32f1xx.c                0x00000000   Number         0  system_stm32f1xx.o ABSOLUTE
    ../Src/tim.c                             0x00000000   Number         0  tim.o ABSOLUTE
    ../Src/usart.c                           0x00000000   Number         0  usart.o ABSOLUTE
    ../clib/microlib/init/entry.s            0x00000000   Number         0  entry8b.o ABSOLUTE
    ../clib/microlib/init/entry.s            0x00000000   Number         0  entry2.o ABSOLUTE
    ../clib/microlib/init/entry.s            0x00000000   Number         0  entry10a.o ABSOLUTE
    ../clib/microlib/init/entry.s            0x00000000   Number         0  entry7b.o ABSOLUTE
    ../clib/microlib/init/entry.s            0x00000000   Number         0  entry7a.o ABSOLUTE
    ../clib/microlib/init/entry.s            0x00000000   Number         0  entry5.o ABSOLUTE
    ../clib/microlib/init/entry.s            0x00000000   Number         0  entry.o ABSOLUTE
    ../clib/microlib/init/entry.s            0x00000000   Number         0  entry8a.o ABSOLUTE
    ../clib/microlib/init/entry.s            0x00000000   Number         0  entry9b.o ABSOLUTE
    ../clib/microlib/init/entry.s            0x00000000   Number         0  entry11a.o ABSOLUTE
    ../clib/microlib/init/entry.s            0x00000000   Number         0  entry9a.o ABSOLUTE
    ../clib/microlib/init/entry.s            0x00000000   Number         0  entry10b.o ABSOLUTE
    ../clib/microlib/init/entry.s            0x00000000   Number         0  entry11b.o ABSOLUTE
    ../clib/microlib/longlong.c              0x00000000   Number         0  llushr.o ABSOLUTE
    ../clib/microlib/longlong.c              0x00000000   Number         0  llshl.o ABSOLUTE
    ../clib/microlib/longlong.c              0x00000000   Number         0  llsshr.o ABSOLUTE
    ../clib/microlib/string/memset.c         0x00000000   Number         0  memseta.o ABSOLUTE
    ../clib/microlib/stubs.s                 0x00000000   Number         0  iusefp.o ABSOLUTE
    ../fplib/microlib/d2f.c                  0x00000000   Number         0  d2f.o ABSOLUTE
    ../fplib/microlib/f2d.c                  0x00000000   Number         0  f2d.o ABSOLUTE
    ../fplib/microlib/fpadd.c                0x00000000   Number         0  fadd.o ABSOLUTE
    ../fplib/microlib/fpadd.c                0x00000000   Number         0  dadd.o ABSOLUTE
    ../fplib/microlib/fpdiv.c                0x00000000   Number         0  ddiv.o ABSOLUTE
    ../fplib/microlib/fpdiv.c                0x00000000   Number         0  fdiv.o ABSOLUTE
    ../fplib/microlib/fpepilogue.c           0x00000000   Number         0  fepilogue.o ABSOLUTE
    ../fplib/microlib/fpepilogue.c           0x00000000   Number         0  depilogue.o ABSOLUTE
    ../fplib/microlib/fpfix.c                0x00000000   Number         0  ffixui.o ABSOLUTE
    ../fplib/microlib/fpfix.c                0x00000000   Number         0  ffixi.o ABSOLUTE
    ../fplib/microlib/fpflt.c                0x00000000   Number         0  dflti.o ABSOLUTE
    ../fplib/microlib/fpflt.c                0x00000000   Number         0  fflti.o ABSOLUTE
    ../fplib/microlib/fpflt.c                0x00000000   Number         0  ffltui.o ABSOLUTE
    ../fplib/microlib/fpmul.c                0x00000000   Number         0  fmul.o ABSOLUTE
    dc.s                                     0x00000000   Number         0  dc.o ABSOLUTE
    handlers.s                               0x00000000   Number         0  handlers.o ABSOLUTE
    init.s                                   0x00000000   Number         0  init.o ABSOLUTE
    startup_stm32f103xe.s                    0x00000000   Number         0  startup_stm32f103xe.o ABSOLUTE
    RESET                                    0x08000000   Section      304  startup_stm32f103xe.o(RESET)
    .ARM.Collect$$$$00000000                 0x08000130   Section        0  entry.o(.ARM.Collect$$$$00000000)
    .ARM.Collect$$$$00000001                 0x08000130   Section        4  entry2.o(.ARM.Collect$$$$00000001)
    .ARM.Collect$$$$00000004                 0x08000134   Section        4  entry5.o(.ARM.Collect$$$$00000004)
    .ARM.Collect$$$$00000008                 0x08000138   Section        0  entry7b.o(.ARM.Collect$$$$00000008)
    .ARM.Collect$$$$0000000A                 0x08000138   Section        0  entry8b.o(.ARM.Collect$$$$0000000A)
    .ARM.Collect$$$$0000000B                 0x08000138   Section        8  entry9a.o(.ARM.Collect$$$$0000000B)
    .ARM.Collect$$$$0000000D                 0x08000140   Section        0  entry10a.o(.ARM.Collect$$$$0000000D)
    .ARM.Collect$$$$0000000F                 0x08000140   Section        0  entry11a.o(.ARM.Collect$$$$0000000F)
    .ARM.Collect$$$$00002712                 0x08000140   Section        4  entry2.o(.ARM.Collect$$$$00002712)
    __lit__00000000                          0x08000140   Data           4  entry2.o(.ARM.Collect$$$$00002712)
    .text                                    0x08000144   Section       36  startup_stm32f103xe.o(.text)
    .text                                    0x08000168   Section        0  memseta.o(.text)
    .text                                    0x0800018c   Section        0  fadd.o(.text)
    .text                                    0x0800023c   Section        0  fmul.o(.text)
    .text                                    0x080002a0   Section        0  fdiv.o(.text)
    .text                                    0x0800031c   Section        0  fflti.o(.text)
    .text                                    0x0800032e   Section        0  ffltui.o(.text)
    .text                                    0x08000338   Section        0  ffixi.o(.text)
    .text                                    0x0800036a   Section        0  ffixui.o(.text)
    .text                                    0x08000392   Section        0  iusefp.o(.text)
    .text                                    0x08000392   Section        0  fepilogue.o(.text)
    .text                                    0x08000400   Section       36  init.o(.text)
    [Anonymous Symbol]                       0x08000424   Section        0  stm32f1xx_it.o(.text.BusFault_Handler)
    [Anonymous Symbol]                       0x08000428   Section        0  motor.o(.text.ChassisLine_Openmv)
    __arm_cp.5_0                             0x080005c8   Number         4  motor.o(.text.ChassisLine_Openmv)
    __arm_cp.5_1                             0x080005cc   Number         4  motor.o(.text.ChassisLine_Openmv)
    __arm_cp.5_2                             0x080005d0   Number         4  motor.o(.text.ChassisLine_Openmv)
    __arm_cp.5_3                             0x080005d4   Number         4  motor.o(.text.ChassisLine_Openmv)
    __arm_cp.5_4                             0x080005d8   Number         4  motor.o(.text.ChassisLine_Openmv)
    __arm_cp.5_5                             0x080005dc   Number         4  motor.o(.text.ChassisLine_Openmv)
    __arm_cp.5_6                             0x080005e0   Number         4  motor.o(.text.ChassisLine_Openmv)
    __arm_cp.5_7                             0x080005e4   Number         4  motor.o(.text.ChassisLine_Openmv)
    __arm_cp.5_8                             0x080005e8   Number         4  motor.o(.text.ChassisLine_Openmv)
    __arm_cp.5_9                             0x080005ec   Number         4  motor.o(.text.ChassisLine_Openmv)
    __arm_cp.5_10                            0x080005f0   Number         4  motor.o(.text.ChassisLine_Openmv)
    [Anonymous Symbol]                       0x080005f4   Section        0  stm32f1xx_it.o(.text.DebugMon_Handler)
    [Anonymous Symbol]                       0x080005f6   Section        0  main.o(.text.Error_Handler)
    [Anonymous Symbol]                       0x080005f8   Section        0  stm32f1xx_hal_dma.o(.text.HAL_DMA_Abort)
    [Anonymous Symbol]                       0x08000638   Section        0  stm32f1xx_hal_dma.o(.text.HAL_DMA_Abort_IT)
    __arm_cp.6_0                             0x08000700   Number         4  stm32f1xx_hal_dma.o(.text.HAL_DMA_Abort_IT)
    __arm_cp.6_1                             0x08000704   Number         4  stm32f1xx_hal_dma.o(.text.HAL_DMA_Abort_IT)
    __arm_cp.6_2                             0x08000708   Number         4  stm32f1xx_hal_dma.o(.text.HAL_DMA_Abort_IT)
    __arm_cp.6_3                             0x0800070c   Number         4  stm32f1xx_hal_dma.o(.text.HAL_DMA_Abort_IT)
    __arm_cp.6_4                             0x08000710   Number         4  stm32f1xx_hal_dma.o(.text.HAL_DMA_Abort_IT)
    __arm_cp.6_5                             0x08000714   Number         4  stm32f1xx_hal_dma.o(.text.HAL_DMA_Abort_IT)
    __arm_cp.6_6                             0x08000718   Number         4  stm32f1xx_hal_dma.o(.text.HAL_DMA_Abort_IT)
    __arm_cp.6_7                             0x0800071c   Number         4  stm32f1xx_hal_dma.o(.text.HAL_DMA_Abort_IT)
    __arm_cp.6_8                             0x08000720   Number         4  stm32f1xx_hal_dma.o(.text.HAL_DMA_Abort_IT)
    __arm_cp.6_9                             0x08000724   Number         4  stm32f1xx_hal_dma.o(.text.HAL_DMA_Abort_IT)
    __arm_cp.6_10                            0x08000728   Number         4  stm32f1xx_hal_dma.o(.text.HAL_DMA_Abort_IT)
    [Anonymous Symbol]                       0x0800072c   Section        0  stm32f1xx_hal_gpio.o(.text.HAL_GPIO_Init)
    __arm_cp.0_0                             0x080008a8   Number         4  stm32f1xx_hal_gpio.o(.text.HAL_GPIO_Init)
    __arm_cp.0_1                             0x080008ac   Number         4  stm32f1xx_hal_gpio.o(.text.HAL_GPIO_Init)
    __arm_cp.0_2                             0x080008b0   Number         4  stm32f1xx_hal_gpio.o(.text.HAL_GPIO_Init)
    __arm_cp.0_3                             0x080008b4   Number         4  stm32f1xx_hal_gpio.o(.text.HAL_GPIO_Init)
    __arm_cp.0_4                             0x080008b8   Number         4  stm32f1xx_hal_gpio.o(.text.HAL_GPIO_Init)
    __arm_cp.0_5                             0x080008bc   Number         4  stm32f1xx_hal_gpio.o(.text.HAL_GPIO_Init)
    __arm_cp.0_6                             0x080008c0   Number         4  stm32f1xx_hal_gpio.o(.text.HAL_GPIO_Init)
    __arm_cp.0_7                             0x080008c4   Number         4  stm32f1xx_hal_gpio.o(.text.HAL_GPIO_Init)
    __arm_cp.0_8                             0x080008c8   Number         4  stm32f1xx_hal_gpio.o(.text.HAL_GPIO_Init)
    __arm_cp.0_10                            0x080008cc   Number         4  stm32f1xx_hal_gpio.o(.text.HAL_GPIO_Init)
    __arm_cp.0_11                            0x080008d0   Number         4  stm32f1xx_hal_gpio.o(.text.HAL_GPIO_Init)
    __arm_cp.0_12                            0x080008d4   Number         4  stm32f1xx_hal_gpio.o(.text.HAL_GPIO_Init)
    [Anonymous Symbol]                       0x080008d8   Section        0  stm32f1xx_hal_gpio.o(.text.HAL_GPIO_WritePin)
    [Anonymous Symbol]                       0x080008e4   Section        0  stm32f1xx_hal.o(.text.HAL_GetTick)
    [Anonymous Symbol]                       0x080008ec   Section        0  stm32f1xx_hal.o(.text.HAL_IncTick)
    [Anonymous Symbol]                       0x080008f8   Section        0  stm32f1xx_hal.o(.text.HAL_Init)
    __arm_cp.0_0                             0x08000918   Number         4  stm32f1xx_hal.o(.text.HAL_Init)
    [Anonymous Symbol]                       0x0800091c   Section        0  stm32f1xx_hal.o(.text.HAL_InitTick)
    __arm_cp.1_0                             0x08000954   Number         4  stm32f1xx_hal.o(.text.HAL_InitTick)
    [Anonymous Symbol]                       0x08000958   Section        0  stm32f1xx_hal_msp.o(.text.HAL_MspInit)
    __arm_cp.0_0                             0x08000990   Number         4  stm32f1xx_hal_msp.o(.text.HAL_MspInit)
    __arm_cp.0_1                             0x08000994   Number         4  stm32f1xx_hal_msp.o(.text.HAL_MspInit)
    [Anonymous Symbol]                       0x08000998   Section        0  stm32f1xx_hal_cortex.o(.text.HAL_NVIC_EnableIRQ)
    __arm_cp.2_0                             0x080009b0   Number         4  stm32f1xx_hal_cortex.o(.text.HAL_NVIC_EnableIRQ)
    [Anonymous Symbol]                       0x080009b4   Section        0  stm32f1xx_hal_cortex.o(.text.HAL_NVIC_SetPriority)
    __arm_cp.1_0                             0x08000a08   Number         4  stm32f1xx_hal_cortex.o(.text.HAL_NVIC_SetPriority)
    [Anonymous Symbol]                       0x08000a0c   Section        0  stm32f1xx_hal_cortex.o(.text.HAL_NVIC_SetPriorityGrouping)
    __arm_cp.0_0                             0x08000a24   Number         4  stm32f1xx_hal_cortex.o(.text.HAL_NVIC_SetPriorityGrouping)
    __arm_cp.0_1                             0x08000a28   Number         4  stm32f1xx_hal_cortex.o(.text.HAL_NVIC_SetPriorityGrouping)
    [Anonymous Symbol]                       0x08000a2c   Section        0  stm32f1xx_hal_rcc.o(.text.HAL_RCC_ClockConfig)
    __arm_cp.2_0                             0x08000b54   Number         4  stm32f1xx_hal_rcc.o(.text.HAL_RCC_ClockConfig)
    __arm_cp.2_1                             0x08000b58   Number         4  stm32f1xx_hal_rcc.o(.text.HAL_RCC_ClockConfig)
    __arm_cp.2_3                             0x08000b5c   Number         4  stm32f1xx_hal_rcc.o(.text.HAL_RCC_ClockConfig)
    [Anonymous Symbol]                       0x08000b60   Section        0  stm32f1xx_hal_rcc.o(.text.HAL_RCC_GetPCLK1Freq)
    [Anonymous Symbol]                       0x08000b74   Section        0  stm32f1xx_hal_rcc.o(.text.HAL_RCC_GetPCLK2Freq)
    __arm_cp.9_0                             0x08000b88   Number         4  stm32f1xx_hal_rcc.o(.text.HAL_RCC_GetPCLK2Freq)
    __arm_cp.9_2                             0x08000b8c   Number         4  stm32f1xx_hal_rcc.o(.text.HAL_RCC_GetPCLK2Freq)
    [Anonymous Symbol]                       0x08000b90   Section        0  stm32f1xx_hal_rcc.o(.text.HAL_RCC_GetSysClockFreq)
    __arm_cp.3_0                             0x08000bc8   Number         4  stm32f1xx_hal_rcc.o(.text.HAL_RCC_GetSysClockFreq)
    __arm_cp.3_1                             0x08000bcc   Number         4  stm32f1xx_hal_rcc.o(.text.HAL_RCC_GetSysClockFreq)
    HAL_RCC_GetSysClockFreq.aPLLMULFactorTable 0x08000bd0   Number         0  stm32f1xx_hal_rcc.o(.text.HAL_RCC_GetSysClockFreq)
    HAL_RCC_GetSysClockFreq.aPredivFactorTable 0x08000be0   Number         0  stm32f1xx_hal_rcc.o(.text.HAL_RCC_GetSysClockFreq)
    __arm_cp.3_4                             0x08000be4   Number         4  stm32f1xx_hal_rcc.o(.text.HAL_RCC_GetSysClockFreq)
    [Anonymous Symbol]                       0x08000be8   Section        0  stm32f1xx_hal_rcc.o(.text.HAL_RCC_OscConfig)
    __arm_cp.1_0                             0x08000f54   Number         4  stm32f1xx_hal_rcc.o(.text.HAL_RCC_OscConfig)
    __arm_cp.1_1                             0x08000f58   Number         4  stm32f1xx_hal_rcc.o(.text.HAL_RCC_OscConfig)
    __arm_cp.1_2                             0x08000f5c   Number         4  stm32f1xx_hal_rcc.o(.text.HAL_RCC_OscConfig)
    __arm_cp.1_3                             0x08000f60   Number         4  stm32f1xx_hal_rcc.o(.text.HAL_RCC_OscConfig)
    __arm_cp.1_4                             0x08000f64   Number         4  stm32f1xx_hal_rcc.o(.text.HAL_RCC_OscConfig)
    [Anonymous Symbol]                       0x08000f68   Section        0  stm32f1xx_hal_cortex.o(.text.HAL_SYSTICK_Config)
    __arm_cp.5_0                             0x08000f88   Number         4  stm32f1xx_hal_cortex.o(.text.HAL_SYSTICK_Config)
    __arm_cp.5_1                             0x08000f8c   Number         4  stm32f1xx_hal_cortex.o(.text.HAL_SYSTICK_Config)
    [Anonymous Symbol]                       0x08000f90   Section        0  stm32f1xx_hal_tim_ex.o(.text.HAL_TIMEx_BreakCallback)
    [Anonymous Symbol]                       0x08000f92   Section        0  stm32f1xx_hal_tim_ex.o(.text.HAL_TIMEx_CommutCallback)
    [Anonymous Symbol]                       0x08000f94   Section        0  stm32f1xx_hal_tim_ex.o(.text.HAL_TIMEx_MasterConfigSynchronization)
    [Anonymous Symbol]                       0x08001000   Section        0  stm32f1xx_hal_tim.o(.text.HAL_TIM_Base_Init)
    [Anonymous Symbol]                       0x08001058   Section        0  tim.o(.text.HAL_TIM_Base_MspInit)
    __arm_cp.8_0                             0x080010b8   Number         4  tim.o(.text.HAL_TIM_Base_MspInit)
    [Anonymous Symbol]                       0x080010bc   Section        0  stm32f1xx_hal_tim.o(.text.HAL_TIM_Base_Start_IT)
    __arm_cp.7_0                             0x08001114   Number         4  stm32f1xx_hal_tim.o(.text.HAL_TIM_Base_Start_IT)
    __arm_cp.7_1                             0x08001118   Number         4  stm32f1xx_hal_tim.o(.text.HAL_TIM_Base_Start_IT)
    __arm_cp.7_2                             0x0800111c   Number         4  stm32f1xx_hal_tim.o(.text.HAL_TIM_Base_Start_IT)
    __arm_cp.7_3                             0x08001120   Number         4  stm32f1xx_hal_tim.o(.text.HAL_TIM_Base_Start_IT)
    __arm_cp.7_4                             0x08001124   Number         4  stm32f1xx_hal_tim.o(.text.HAL_TIM_Base_Start_IT)
    [Anonymous Symbol]                       0x08001128   Section        0  stm32f1xx_hal_tim.o(.text.HAL_TIM_ConfigClockSource)
    [Anonymous Symbol]                       0x08001238   Section        0  stm32f1xx_hal_tim.o(.text.HAL_TIM_Encoder_Init)
    [Anonymous Symbol]                       0x080012e8   Section        0  tim.o(.text.HAL_TIM_Encoder_MspInit)
    __arm_cp.7_0                             0x08001448   Number         4  tim.o(.text.HAL_TIM_Encoder_MspInit)
    __arm_cp.7_1                             0x0800144c   Number         4  tim.o(.text.HAL_TIM_Encoder_MspInit)
    __arm_cp.7_2                             0x08001450   Number         4  tim.o(.text.HAL_TIM_Encoder_MspInit)
    __arm_cp.7_3                             0x08001454   Number         4  tim.o(.text.HAL_TIM_Encoder_MspInit)
    __arm_cp.7_4                             0x08001458   Number         4  tim.o(.text.HAL_TIM_Encoder_MspInit)
    __arm_cp.7_5                             0x0800145c   Number         4  tim.o(.text.HAL_TIM_Encoder_MspInit)
    __arm_cp.7_6                             0x08001460   Number         4  tim.o(.text.HAL_TIM_Encoder_MspInit)
    __arm_cp.7_7                             0x08001464   Number         4  tim.o(.text.HAL_TIM_Encoder_MspInit)
    [Anonymous Symbol]                       0x08001468   Section        0  stm32f1xx_hal_tim.o(.text.HAL_TIM_Encoder_Start)
    [Anonymous Symbol]                       0x08001514   Section        0  stm32f1xx_hal_tim.o(.text.HAL_TIM_IC_CaptureCallback)
    [Anonymous Symbol]                       0x08001516   Section        0  stm32f1xx_hal_tim.o(.text.HAL_TIM_IRQHandler)
    [Anonymous Symbol]                       0x08001688   Section        0  tim.o(.text.HAL_TIM_MspPostInit)
    __arm_cp.2_0                             0x08001700   Number         4  tim.o(.text.HAL_TIM_MspPostInit)
    __arm_cp.2_1                             0x08001704   Number         4  tim.o(.text.HAL_TIM_MspPostInit)
    __arm_cp.2_2                             0x08001708   Number         4  tim.o(.text.HAL_TIM_MspPostInit)
    __arm_cp.2_3                             0x0800170c   Number         4  tim.o(.text.HAL_TIM_MspPostInit)
    __arm_cp.2_4                             0x08001710   Number         4  tim.o(.text.HAL_TIM_MspPostInit)
    [Anonymous Symbol]                       0x08001714   Section        0  stm32f1xx_hal_tim.o(.text.HAL_TIM_OC_DelayElapsedCallback)
    [Anonymous Symbol]                       0x08001718   Section        0  stm32f1xx_hal_tim.o(.text.HAL_TIM_PWM_ConfigChannel)
    [Anonymous Symbol]                       0x080017b0   Section        0  stm32f1xx_hal_tim.o(.text.HAL_TIM_PWM_Init)
    [Anonymous Symbol]                       0x08001808   Section        0  stm32f1xx_hal_tim.o(.text.HAL_TIM_PWM_MspInit)
    [Anonymous Symbol]                       0x0800180a   Section        0  stm32f1xx_hal_tim.o(.text.HAL_TIM_PWM_PulseFinishedCallback)
    [Anonymous Symbol]                       0x0800180c   Section        0  stm32f1xx_hal_tim.o(.text.HAL_TIM_PWM_Start)
    __arm_cp.31_0                            0x080018d0   Number         4  stm32f1xx_hal_tim.o(.text.HAL_TIM_PWM_Start)
    __arm_cp.31_1                            0x080018d4   Number         4  stm32f1xx_hal_tim.o(.text.HAL_TIM_PWM_Start)
    __arm_cp.31_2                            0x080018d8   Number         4  stm32f1xx_hal_tim.o(.text.HAL_TIM_PWM_Start)
    __arm_cp.31_3                            0x080018dc   Number         4  stm32f1xx_hal_tim.o(.text.HAL_TIM_PWM_Start)
    __arm_cp.31_4                            0x080018e0   Number         4  stm32f1xx_hal_tim.o(.text.HAL_TIM_PWM_Start)
    [Anonymous Symbol]                       0x080018e4   Section        0  main.o(.text.HAL_TIM_PeriodElapsedCallback)
    __arm_cp.2_0                             0x08001990   Number         4  main.o(.text.HAL_TIM_PeriodElapsedCallback)
    __arm_cp.2_1                             0x08001994   Number         4  main.o(.text.HAL_TIM_PeriodElapsedCallback)
    __arm_cp.2_2                             0x08001998   Number         4  main.o(.text.HAL_TIM_PeriodElapsedCallback)
    __arm_cp.2_3                             0x0800199c   Number         4  main.o(.text.HAL_TIM_PeriodElapsedCallback)
    __arm_cp.2_4                             0x080019a0   Number         4  main.o(.text.HAL_TIM_PeriodElapsedCallback)
    [Anonymous Symbol]                       0x080019a4   Section        0  stm32f1xx_hal_tim.o(.text.HAL_TIM_TriggerCallback)
    [Anonymous Symbol]                       0x080019a6   Section        0  stm32f1xx_hal_uart.o(.text.HAL_UARTEx_RxEventCallback)
    [Anonymous Symbol]                       0x080019a8   Section        0  stm32f1xx_hal_uart.o(.text.HAL_UART_ErrorCallback)
    [Anonymous Symbol]                       0x080019ac   Section        0  stm32f1xx_hal_uart.o(.text.HAL_UART_IRQHandler)
    __arm_cp.40_0                            0x08001be4   Number         4  stm32f1xx_hal_uart.o(.text.HAL_UART_IRQHandler)
    [Anonymous Symbol]                       0x08001be8   Section        0  stm32f1xx_hal_uart.o(.text.HAL_UART_Init)
    [Anonymous Symbol]                       0x08001c44   Section        0  usart.o(.text.HAL_UART_MspInit)
    __arm_cp.3_0                             0x08001da4   Number         4  usart.o(.text.HAL_UART_MspInit)
    __arm_cp.3_1                             0x08001da8   Number         4  usart.o(.text.HAL_UART_MspInit)
    __arm_cp.3_2                             0x08001dac   Number         4  usart.o(.text.HAL_UART_MspInit)
    __arm_cp.3_4                             0x08001db0   Number         4  usart.o(.text.HAL_UART_MspInit)
    __arm_cp.3_6                             0x08001db4   Number         4  usart.o(.text.HAL_UART_MspInit)
    [Anonymous Symbol]                       0x08001db8   Section        0  stm32f1xx_hal_uart.o(.text.HAL_UART_Receive_IT)
    [Anonymous Symbol]                       0x08001de8   Section        0  main.o(.text.HAL_UART_RxCpltCallback)
    __arm_cp.3_0                             0x08001e0c   Number         4  main.o(.text.HAL_UART_RxCpltCallback)
    [Anonymous Symbol]                       0x08001e10   Section        0  stm32f1xx_hal_uart.o(.text.HAL_UART_TxCpltCallback)
    [Anonymous Symbol]                       0x08001e12   Section        0  stm32f1xx_it.o(.text.HardFault_Handler)
    [Anonymous Symbol]                       0x08001e14   Section        0  openmv.o(.text.LineOpenMV_GetPWM)
    [Anonymous Symbol]                       0x08001e84   Section        0  openmv.o(.text.LineOpenMV_Init)
    [Anonymous Symbol]                       0x08001e94   Section        0  openmv.o(.text.LineOpenMV_Recieve)
    __arm_cp.1_0                             0x08001ee0   Number         4  openmv.o(.text.LineOpenMV_Recieve)
    __arm_cp.1_2                             0x08001ee4   Number         4  openmv.o(.text.LineOpenMV_Recieve)
    __arm_cp.1_3                             0x08001ee8   Number         4  openmv.o(.text.LineOpenMV_Recieve)
    [Anonymous Symbol]                       0x08001eec   Section        0  openmv.o(.text.LineOpenMV_StopSingal)
    __arm_cp.3_0                             0x08001f14   Number         4  openmv.o(.text.LineOpenMV_StopSingal)
    [Anonymous Symbol]                       0x08001f18   Section        0  gpio.o(.text.MX_GPIO_Init)
    __arm_cp.0_0                             0x0800202c   Number         4  gpio.o(.text.MX_GPIO_Init)
    __arm_cp.0_1                             0x08002030   Number         4  gpio.o(.text.MX_GPIO_Init)
    __arm_cp.0_2                             0x08002034   Number         4  gpio.o(.text.MX_GPIO_Init)
    __arm_cp.0_3                             0x08002038   Number         4  gpio.o(.text.MX_GPIO_Init)
    [Anonymous Symbol]                       0x0800203c   Section        0  tim.o(.text.MX_TIM1_Init)
    __arm_cp.0_0                             0x08002094   Number         4  tim.o(.text.MX_TIM1_Init)
    __arm_cp.0_1                             0x08002098   Number         4  tim.o(.text.MX_TIM1_Init)
    [Anonymous Symbol]                       0x0800209c   Section        0  tim.o(.text.MX_TIM2_Init)
    __arm_cp.1_0                             0x08002160   Number         4  tim.o(.text.MX_TIM2_Init)
    [Anonymous Symbol]                       0x08002164   Section        0  tim.o(.text.MX_TIM3_Init)
    __arm_cp.3_1                             0x080021c4   Number         4  tim.o(.text.MX_TIM3_Init)
    [Anonymous Symbol]                       0x080021c8   Section        0  tim.o(.text.MX_TIM4_Init)
    __arm_cp.4_1                             0x08002220   Number         4  tim.o(.text.MX_TIM4_Init)
    [Anonymous Symbol]                       0x08002224   Section        0  tim.o(.text.MX_TIM5_Init)
    [Anonymous Symbol]                       0x0800227c   Section        0  tim.o(.text.MX_TIM8_Init)
    [Anonymous Symbol]                       0x080022d4   Section        0  usart.o(.text.MX_USART1_UART_Init)
    __arm_cp.0_0                             0x08002304   Number         4  usart.o(.text.MX_USART1_UART_Init)
    __arm_cp.0_1                             0x08002308   Number         4  usart.o(.text.MX_USART1_UART_Init)
    [Anonymous Symbol]                       0x0800230c   Section        0  usart.o(.text.MX_USART2_UART_Init)
    __arm_cp.1_0                             0x0800233c   Number         4  usart.o(.text.MX_USART2_UART_Init)
    __arm_cp.1_1                             0x08002340   Number         4  usart.o(.text.MX_USART2_UART_Init)
    [Anonymous Symbol]                       0x08002344   Section        0  usart.o(.text.MX_USART3_UART_Init)
    __arm_cp.2_1                             0x08002374   Number         4  usart.o(.text.MX_USART3_UART_Init)
    [Anonymous Symbol]                       0x08002378   Section        0  stm32f1xx_it.o(.text.MemManage_Handler)
    [Anonymous Symbol]                       0x0800237a   Section        0  stm32f1xx_it.o(.text.NMI_Handler)
    [Anonymous Symbol]                       0x0800237c   Section        0  openmv.o(.text.NumOpenMV_Init)
    [Anonymous Symbol]                       0x0800238c   Section        0  openmv.o(.text.NumOpenMV_Recieve)
    __arm_cp.6_0                             0x080023e0   Number         4  openmv.o(.text.NumOpenMV_Recieve)
    __arm_cp.6_1                             0x080023e4   Number         4  openmv.o(.text.NumOpenMV_Recieve)
    __arm_cp.6_2                             0x080023e8   Number         4  openmv.o(.text.NumOpenMV_Recieve)
    __arm_cp.6_3                             0x080023ec   Number         4  openmv.o(.text.NumOpenMV_Recieve)
    [Anonymous Symbol]                       0x080023f0   Section        0  delay.o(.text.PY_Delay_us_t)
    [Anonymous Symbol]                       0x0800241c   Section        0  delay.o(.text.PY_usDelayOptimize)
    __arm_cp.2_0                             0x08002458   Number         4  delay.o(.text.PY_usDelayOptimize)
    [Anonymous Symbol]                       0x0800245c   Section        0  delay.o(.text.PY_usDelayTest)
    __arm_cp.0_0                             0x0800249c   Number         4  delay.o(.text.PY_usDelayTest)
    __arm_cp.0_1                             0x080024a0   Number         4  delay.o(.text.PY_usDelayTest)
    __arm_cp.0_2                             0x080024a4   Number         4  delay.o(.text.PY_usDelayTest)
    [Anonymous Symbol]                       0x080024a8   Section        0  stm32f1xx_it.o(.text.PendSV_Handler)
    [Anonymous Symbol]                       0x080024aa   Section        0  stm32f1xx_it.o(.text.SVC_Handler)
    [Anonymous Symbol]                       0x080024ac   Section        0  stm32f1xx_it.o(.text.SysTick_Handler)
    [Anonymous Symbol]                       0x080024b0   Section        0  main.o(.text.SystemClock_Config)
    [Anonymous Symbol]                       0x080024fa   Section        0  system_stm32f1xx.o(.text.SystemInit)
    [Anonymous Symbol]                       0x080024fc   Section        0  stm32f1xx_it.o(.text.TIM1_CC_IRQHandler)
    __arm_cp.9_0                             0x08002504   Number         4  stm32f1xx_it.o(.text.TIM1_CC_IRQHandler)
    [Anonymous Symbol]                       0x08002508   Section        0  stm32f1xx_it.o(.text.TIM2_IRQHandler)
    __arm_cp.10_0                            0x08002510   Number         4  stm32f1xx_it.o(.text.TIM2_IRQHandler)
    [Anonymous Symbol]                       0x08002514   Section        0  stm32f1xx_it.o(.text.TIM3_IRQHandler)
    __arm_cp.11_0                            0x0800251c   Number         4  stm32f1xx_it.o(.text.TIM3_IRQHandler)
    [Anonymous Symbol]                       0x08002520   Section        0  stm32f1xx_it.o(.text.TIM4_IRQHandler)
    __arm_cp.12_0                            0x08002528   Number         4  stm32f1xx_it.o(.text.TIM4_IRQHandler)
    [Anonymous Symbol]                       0x0800252c   Section        0  stm32f1xx_it.o(.text.TIM5_IRQHandler)
    __arm_cp.17_0                            0x08002534   Number         4  stm32f1xx_it.o(.text.TIM5_IRQHandler)
    [Anonymous Symbol]                       0x08002538   Section        0  stm32f1xx_it.o(.text.TIM8_CC_IRQHandler)
    __arm_cp.16_0                            0x08002540   Number         4  stm32f1xx_it.o(.text.TIM8_CC_IRQHandler)
    [Anonymous Symbol]                       0x08002544   Section        0  stm32f1xx_hal_tim.o(.text.TIM_Base_SetConfig)
    __arm_cp.2_0                             0x080025c8   Number         4  stm32f1xx_hal_tim.o(.text.TIM_Base_SetConfig)
    __arm_cp.2_1                             0x080025cc   Number         4  stm32f1xx_hal_tim.o(.text.TIM_Base_SetConfig)
    __arm_cp.2_2                             0x080025d0   Number         4  stm32f1xx_hal_tim.o(.text.TIM_Base_SetConfig)
    [Anonymous Symbol]                       0x080025d4   Section        0  stm32f1xx_hal_tim.o(.text.TIM_OC1_SetConfig)
    TIM_OC1_SetConfig                        0x080025d5   Thumb Code   116  stm32f1xx_hal_tim.o(.text.TIM_OC1_SetConfig)
    __arm_cp.74_0                            0x08002640   Number         4  stm32f1xx_hal_tim.o(.text.TIM_OC1_SetConfig)
    [Anonymous Symbol]                       0x08002644   Section        0  stm32f1xx_hal_tim.o(.text.TIM_OC2_SetConfig)
    [Anonymous Symbol]                       0x080026b8   Section        0  stm32f1xx_hal_tim.o(.text.TIM_OC3_SetConfig)
    TIM_OC3_SetConfig                        0x080026b9   Thumb Code   124  stm32f1xx_hal_tim.o(.text.TIM_OC3_SetConfig)
    [Anonymous Symbol]                       0x0800272c   Section        0  stm32f1xx_hal_tim.o(.text.TIM_OC4_SetConfig)
    TIM_OC4_SetConfig                        0x0800272d   Thumb Code    84  stm32f1xx_hal_tim.o(.text.TIM_OC4_SetConfig)
    __arm_cp.77_0                            0x08002778   Number         4  stm32f1xx_hal_tim.o(.text.TIM_OC4_SetConfig)
    __arm_cp.77_1                            0x0800277c   Number         4  stm32f1xx_hal_tim.o(.text.TIM_OC4_SetConfig)
    [Anonymous Symbol]                       0x08002780   Section        0  stm32f1xx_hal_tim.o(.text.TIM_TI1_ConfigInputStage)
    TIM_TI1_ConfigInputStage                 0x08002781   Thumb Code    34  stm32f1xx_hal_tim.o(.text.TIM_TI1_ConfigInputStage)
    [Anonymous Symbol]                       0x080027a2   Section        0  stm32f1xx_hal_tim.o(.text.TIM_TI2_ConfigInputStage)
    TIM_TI2_ConfigInputStage                 0x080027a3   Thumb Code    34  stm32f1xx_hal_tim.o(.text.TIM_TI2_ConfigInputStage)
    [Anonymous Symbol]                       0x080027c4   Section        0  motor.o(.text.TurnChassis_Tim)
    __arm_cp.6_0                             0x0800295c   Number         4  motor.o(.text.TurnChassis_Tim)
    __arm_cp.6_1                             0x08002960   Number         4  motor.o(.text.TurnChassis_Tim)
    __arm_cp.6_2                             0x08002964   Number         4  motor.o(.text.TurnChassis_Tim)
    __arm_cp.6_3                             0x08002968   Number         4  motor.o(.text.TurnChassis_Tim)
    __arm_cp.6_5                             0x0800296c   Number         4  motor.o(.text.TurnChassis_Tim)
    __arm_cp.6_6                             0x08002970   Number         4  motor.o(.text.TurnChassis_Tim)
    __arm_cp.6_7                             0x08002974   Number         4  motor.o(.text.TurnChassis_Tim)
    __arm_cp.6_8                             0x08002978   Number         4  motor.o(.text.TurnChassis_Tim)
    __arm_cp.6_9                             0x0800297c   Number         4  motor.o(.text.TurnChassis_Tim)
    __arm_cp.6_10                            0x08002980   Number         4  motor.o(.text.TurnChassis_Tim)
    [Anonymous Symbol]                       0x08002984   Section        0  stm32f1xx_hal_uart.o(.text.UART_DMAAbortOnError)
    UART_DMAAbortOnError                     0x08002985   Thumb Code    12  stm32f1xx_hal_uart.o(.text.UART_DMAAbortOnError)
    [Anonymous Symbol]                       0x08002990   Section        0  stm32f1xx_hal_uart.o(.text.UART_EndRxTransfer)
    UART_EndRxTransfer                       0x08002991   Thumb Code    44  stm32f1xx_hal_uart.o(.text.UART_EndRxTransfer)
    [Anonymous Symbol]                       0x080029bc   Section        0  stm32f1xx_hal_uart.o(.text.UART_Receive_IT)
    UART_Receive_IT                          0x080029bd   Thumb Code   186  stm32f1xx_hal_uart.o(.text.UART_Receive_IT)
    [Anonymous Symbol]                       0x08002a78   Section        0  stm32f1xx_hal_uart.o(.text.UART_SetConfig)
    UART_SetConfig                           0x08002a79   Thumb Code   132  stm32f1xx_hal_uart.o(.text.UART_SetConfig)
    __arm_cp.2_0                             0x08002af8   Number         4  stm32f1xx_hal_uart.o(.text.UART_SetConfig)
    [Anonymous Symbol]                       0x08002afc   Section        0  stm32f1xx_hal_uart.o(.text.UART_Start_Receive_IT)
    [Anonymous Symbol]                       0x08002b30   Section        0  stm32f1xx_it.o(.text.USART1_IRQHandler)
    __arm_cp.13_0                            0x08002b38   Number         4  stm32f1xx_it.o(.text.USART1_IRQHandler)
    [Anonymous Symbol]                       0x08002b3c   Section        0  stm32f1xx_it.o(.text.USART2_IRQHandler)
    [Anonymous Symbol]                       0x08002b44   Section        0  stm32f1xx_it.o(.text.USART3_IRQHandler)
    __arm_cp.15_0                            0x08002b4c   Number         4  stm32f1xx_it.o(.text.USART3_IRQHandler)
    [Anonymous Symbol]                       0x08002b50   Section        0  stm32f1xx_it.o(.text.UsageFault_Handler)
    [Anonymous Symbol]                       0x08002b52   Section        0  jy901.o(.text.User_USART_Init)
    [Anonymous Symbol]                       0x08002b6c   Section        0  main.o(.text.main)
    __arm_cp.4_0                             0x08002c24   Number         4  main.o(.text.main)
    __arm_cp.4_1                             0x08002c28   Number         4  main.o(.text.main)
    __arm_cp.4_2                             0x08002c2c   Number         4  main.o(.text.main)
    __arm_cp.4_3                             0x08002c30   Number         4  main.o(.text.main)
    __arm_cp.4_4                             0x08002c34   Number         4  main.o(.text.main)
    __arm_cp.4_5                             0x08002c38   Number         4  main.o(.text.main)
    __arm_cp.4_6                             0x08002c3c   Number         4  main.o(.text.main)
    __arm_cp.4_7                             0x08002c40   Number         4  main.o(.text.main)
    __arm_cp.4_8                             0x08002c44   Number         4  main.o(.text.main)
    __arm_cp.4_9                             0x08002c48   Number         4  main.o(.text.main)
    __arm_cp.4_10                            0x08002c4c   Number         4  main.o(.text.main)
    [Anonymous Symbol]                       0x08002c50   Section        0  motor.o(.text.motor_Init)
    __arm_cp.0_0                             0x08002c68   Number         4  motor.o(.text.motor_Init)
    [Anonymous Symbol]                       0x08002c6c   Section        0  pid.o(.text.pid_Init)
    __arm_cp.0_0                             0x08002cbc   Number         4  pid.o(.text.pid_Init)
    __arm_cp.0_1                             0x08002cc0   Number         4  pid.o(.text.pid_Init)
    __arm_cp.0_2                             0x08002cc4   Number         4  pid.o(.text.pid_Init)
    __arm_cp.0_3                             0x08002cc8   Number         4  pid.o(.text.pid_Init)
    [Anonymous Symbol]                       0x08002ccc   Section        0  pid.o(.text.pid_SpeedControl_MA)
    __arm_cp.1_0                             0x08002d30   Number         4  pid.o(.text.pid_SpeedControl_MA)
    [Anonymous Symbol]                       0x08002d34   Section        0  pid.o(.text.pid_SpeedControl_MB)
    __arm_cp.2_0                             0x08002d98   Number         4  pid.o(.text.pid_SpeedControl_MB)
    [Anonymous Symbol]                       0x08002d9c   Section        0  pid.o(.text.pid_SpeedControl_MC)
    __arm_cp.3_0                             0x08002e00   Number         4  pid.o(.text.pid_SpeedControl_MC)
    [Anonymous Symbol]                       0x08002e04   Section        0  pid.o(.text.pid_SpeedControl_MD)
    __arm_cp.4_0                             0x08002e68   Number         4  pid.o(.text.pid_SpeedControl_MD)
    i.__scatterload_copy                     0x08002e6c   Section       14  handlers.o(i.__scatterload_copy)
    i.__scatterload_null                     0x08002e7a   Section        2  handlers.o(i.__scatterload_null)
    i.__scatterload_zeroinit                 0x08002e7c   Section       14  handlers.o(i.__scatterload_zeroinit)
    [Anonymous Symbol]                       0x20000000   Section        0  main.o(.data..L_MergedGlobals)
    [Anonymous Symbol]                       0x2000001c   Section        0  stm32f1xx_hal.o(.data..L_MergedGlobals)
    [Anonymous Symbol]                       0x20000030   Section        0  motor.o(.bss..L_MergedGlobals)
    [Anonymous Symbol]                       0x20000060   Section        0  pid.o(.bss..L_MergedGlobals)
    [Anonymous Symbol]                       0x200000e0   Section        0  openmv.o(.bss..L_MergedGlobals)
    [Anonymous Symbol]                       0x20000198   Section        0  openmv.o(.bss.LineOpenMV_Recieve.length)
    LineOpenMV_Recieve.length                0x20000198   Data           4  openmv.o(.bss.LineOpenMV_Recieve.length)
    [Anonymous Symbol]                       0x2000019c   Section        0  openmv.o(.bss.LineOpenMV_Recieve.state)
    LineOpenMV_Recieve.state                 0x2000019c   Data           1  openmv.o(.bss.LineOpenMV_Recieve.state)
    [Anonymous Symbol]                       0x200001a0   Section        0  openmv.o(.bss.NumOpenMV_Recieve.length)
    NumOpenMV_Recieve.length                 0x200001a0   Data           4  openmv.o(.bss.NumOpenMV_Recieve.length)
    [Anonymous Symbol]                       0x20000420   Section        0  pid.o(.bss.pid_SpeedControl_MA.I_path)
    pid_SpeedControl_MA.I_path               0x20000420   Data           4  pid.o(.bss.pid_SpeedControl_MA.I_path)
    [Anonymous Symbol]                       0x20000424   Section        0  pid.o(.bss.pid_SpeedControl_MB.I_path)
    pid_SpeedControl_MB.I_path               0x20000424   Data           4  pid.o(.bss.pid_SpeedControl_MB.I_path)
    [Anonymous Symbol]                       0x20000428   Section        0  pid.o(.bss.pid_SpeedControl_MC.I_path)
    pid_SpeedControl_MC.I_path               0x20000428   Data           4  pid.o(.bss.pid_SpeedControl_MC.I_path)
    [Anonymous Symbol]                       0x2000042c   Section        0  pid.o(.bss.pid_SpeedControl_MD.I_path)
    pid_SpeedControl_MD.I_path               0x2000042c   Data           4  pid.o(.bss.pid_SpeedControl_MD.I_path)
    STACK                                    0x20000438   Section     1024  startup_stm32f103xe.o(STACK)

    Global Symbols

    Symbol Name                              Value     Ov Type        Size  Object(Section)

    BuildAttributes$$THM_ISAv4$P$D$K$B$S$PE$A:L22UL41UL21$X:L11$S22US41US21$IEEE1$IW$~IW$USESV6$~STKCKD$USESV7$~SHL$OTIME$ROPI$EBA8$MICROLIB$REQ8$PRES8$EABIv2 0x00000000   Number         0  anon$$obj.o ABSOLUTE
    __cpp_initialize__aeabi_                  - Undefined Weak Reference
    __cxa_finalize                            - Undefined Weak Reference
    __decompress                              - Undefined Weak Reference
    _clock_init                               - Undefined Weak Reference
    _microlib_exit                            - Undefined Weak Reference
    __Vectors_Size                           0x00000130   Number         0  startup_stm32f103xe.o ABSOLUTE
    __Vectors                                0x08000000   Data           4  startup_stm32f103xe.o(RESET)
    __Vectors_End                            0x08000130   Data           0  startup_stm32f103xe.o(RESET)
    __main                                   0x08000131   Thumb Code     0  entry.o(.ARM.Collect$$$$00000000)
    _main_stk                                0x08000131   Thumb Code     0  entry2.o(.ARM.Collect$$$$00000001)
    _main_scatterload                        0x08000135   Thumb Code     0  entry5.o(.ARM.Collect$$$$00000004)
    __main_after_scatterload                 0x08000139   Thumb Code     0  entry5.o(.ARM.Collect$$$$00000004)
    _main_clock                              0x08000139   Thumb Code     0  entry7b.o(.ARM.Collect$$$$00000008)
    _main_cpp_init                           0x08000139   Thumb Code     0  entry8b.o(.ARM.Collect$$$$0000000A)
    _main_init                               0x08000139   Thumb Code     0  entry9a.o(.ARM.Collect$$$$0000000B)
    __rt_final_cpp                           0x08000141   Thumb Code     0  entry10a.o(.ARM.Collect$$$$0000000D)
    __rt_final_exit                          0x08000141   Thumb Code     0  entry11a.o(.ARM.Collect$$$$0000000F)
    Reset_Handler                            0x08000145   Thumb Code     8  startup_stm32f103xe.o(.text)
    ADC1_2_IRQHandler                        0x0800015f   Thumb Code     0  startup_stm32f103xe.o(.text)
    ADC3_IRQHandler                          0x0800015f   Thumb Code     0  startup_stm32f103xe.o(.text)
    CAN1_RX1_IRQHandler                      0x0800015f   Thumb Code     0  startup_stm32f103xe.o(.text)
    CAN1_SCE_IRQHandler                      0x0800015f   Thumb Code     0  startup_stm32f103xe.o(.text)
    DMA1_Channel1_IRQHandler                 0x0800015f   Thumb Code     0  startup_stm32f103xe.o(.text)
    DMA1_Channel2_IRQHandler                 0x0800015f   Thumb Code     0  startup_stm32f103xe.o(.text)
    DMA1_Channel3_IRQHandler                 0x0800015f   Thumb Code     0  startup_stm32f103xe.o(.text)
    DMA1_Channel4_IRQHandler                 0x0800015f   Thumb Code     0  startup_stm32f103xe.o(.text)
    DMA1_Channel5_IRQHandler                 0x0800015f   Thumb Code     0  startup_stm32f103xe.o(.text)
    DMA1_Channel6_IRQHandler                 0x0800015f   Thumb Code     0  startup_stm32f103xe.o(.text)
    DMA1_Channel7_IRQHandler                 0x0800015f   Thumb Code     0  startup_stm32f103xe.o(.text)
    DMA2_Channel1_IRQHandler                 0x0800015f   Thumb Code     0  startup_stm32f103xe.o(.text)
    DMA2_Channel2_IRQHandler                 0x0800015f   Thumb Code     0  startup_stm32f103xe.o(.text)
    DMA2_Channel3_IRQHandler                 0x0800015f   Thumb Code     0  startup_stm32f103xe.o(.text)
    DMA2_Channel4_5_IRQHandler               0x0800015f   Thumb Code     0  startup_stm32f103xe.o(.text)
    EXTI0_IRQHandler                         0x0800015f   Thumb Code     0  startup_stm32f103xe.o(.text)
    EXTI15_10_IRQHandler                     0x0800015f   Thumb Code     0  startup_stm32f103xe.o(.text)
    EXTI1_IRQHandler                         0x0800015f   Thumb Code     0  startup_stm32f103xe.o(.text)
    EXTI2_IRQHandler                         0x0800015f   Thumb Code     0  startup_stm32f103xe.o(.text)
    EXTI3_IRQHandler                         0x0800015f   Thumb Code     0  startup_stm32f103xe.o(.text)
    EXTI4_IRQHandler                         0x0800015f   Thumb Code     0  startup_stm32f103xe.o(.text)
    EXTI9_5_IRQHandler                       0x0800015f   Thumb Code     0  startup_stm32f103xe.o(.text)
    FLASH_IRQHandler                         0x0800015f   Thumb Code     0  startup_stm32f103xe.o(.text)
    FSMC_IRQHandler                          0x0800015f   Thumb Code     0  startup_stm32f103xe.o(.text)
    I2C1_ER_IRQHandler                       0x0800015f   Thumb Code     0  startup_stm32f103xe.o(.text)
    I2C1_EV_IRQHandler                       0x0800015f   Thumb Code     0  startup_stm32f103xe.o(.text)
    I2C2_ER_IRQHandler                       0x0800015f   Thumb Code     0  startup_stm32f103xe.o(.text)
    I2C2_EV_IRQHandler                       0x0800015f   Thumb Code     0  startup_stm32f103xe.o(.text)
    PVD_IRQHandler                           0x0800015f   Thumb Code     0  startup_stm32f103xe.o(.text)
    RCC_IRQHandler                           0x0800015f   Thumb Code     0  startup_stm32f103xe.o(.text)
    RTC_Alarm_IRQHandler                     0x0800015f   Thumb Code     0  startup_stm32f103xe.o(.text)
    RTC_IRQHandler                           0x0800015f   Thumb Code     0  startup_stm32f103xe.o(.text)
    SDIO_IRQHandler                          0x0800015f   Thumb Code     0  startup_stm32f103xe.o(.text)
    SPI1_IRQHandler                          0x0800015f   Thumb Code     0  startup_stm32f103xe.o(.text)
    SPI2_IRQHandler                          0x0800015f   Thumb Code     0  startup_stm32f103xe.o(.text)
    SPI3_IRQHandler                          0x0800015f   Thumb Code     0  startup_stm32f103xe.o(.text)
    TAMPER_IRQHandler                        0x0800015f   Thumb Code     0  startup_stm32f103xe.o(.text)
    TIM1_BRK_IRQHandler                      0x0800015f   Thumb Code     0  startup_stm32f103xe.o(.text)
    TIM1_TRG_COM_IRQHandler                  0x0800015f   Thumb Code     0  startup_stm32f103xe.o(.text)
    TIM1_UP_IRQHandler                       0x0800015f   Thumb Code     0  startup_stm32f103xe.o(.text)
    TIM6_IRQHandler                          0x0800015f   Thumb Code     0  startup_stm32f103xe.o(.text)
    TIM7_IRQHandler                          0x0800015f   Thumb Code     0  startup_stm32f103xe.o(.text)
    TIM8_BRK_IRQHandler                      0x0800015f   Thumb Code     0  startup_stm32f103xe.o(.text)
    TIM8_TRG_COM_IRQHandler                  0x0800015f   Thumb Code     0  startup_stm32f103xe.o(.text)
    TIM8_UP_IRQHandler                       0x0800015f   Thumb Code     0  startup_stm32f103xe.o(.text)
    UART4_IRQHandler                         0x0800015f   Thumb Code     0  startup_stm32f103xe.o(.text)
    UART5_IRQHandler                         0x0800015f   Thumb Code     0  startup_stm32f103xe.o(.text)
    USBWakeUp_IRQHandler                     0x0800015f   Thumb Code     0  startup_stm32f103xe.o(.text)
    USB_HP_CAN1_TX_IRQHandler                0x0800015f   Thumb Code     0  startup_stm32f103xe.o(.text)
    USB_LP_CAN1_RX0_IRQHandler               0x0800015f   Thumb Code     0  startup_stm32f103xe.o(.text)
    WWDG_IRQHandler                          0x0800015f   Thumb Code     0  startup_stm32f103xe.o(.text)
    __aeabi_memset                           0x08000169   Thumb Code    14  memseta.o(.text)
    __aeabi_memset4                          0x08000169   Thumb Code     0  memseta.o(.text)
    __aeabi_memset8                          0x08000169   Thumb Code     0  memseta.o(.text)
    __aeabi_memclr                           0x08000177   Thumb Code     4  memseta.o(.text)
    __aeabi_memclr4                          0x08000177   Thumb Code     0  memseta.o(.text)
    __aeabi_memclr8                          0x08000177   Thumb Code     0  memseta.o(.text)
    _memset$wrapper                          0x0800017b   Thumb Code    18  memseta.o(.text)
    __aeabi_fadd                             0x0800018d   Thumb Code   164  fadd.o(.text)
    __aeabi_fsub                             0x08000231   Thumb Code     6  fadd.o(.text)
    __aeabi_frsub                            0x08000237   Thumb Code     6  fadd.o(.text)
    __aeabi_fmul                             0x0800023d   Thumb Code   100  fmul.o(.text)
    __aeabi_fdiv                             0x080002a1   Thumb Code   124  fdiv.o(.text)
    __aeabi_i2f                              0x0800031d   Thumb Code    18  fflti.o(.text)
    __aeabi_ui2f                             0x0800032f   Thumb Code    10  ffltui.o(.text)
    __aeabi_f2iz                             0x08000339   Thumb Code    50  ffixi.o(.text)
    __aeabi_f2uiz                            0x0800036b   Thumb Code    40  ffixui.o(.text)
    __I$use$fp                               0x08000393   Thumb Code     0  iusefp.o(.text)
    _float_round                             0x08000393   Thumb Code    18  fepilogue.o(.text)
    _float_epilogue                          0x080003a5   Thumb Code    92  fepilogue.o(.text)
    __scatterload                            0x08000401   Thumb Code    28  init.o(.text)
    __scatterload_rt2                        0x08000401   Thumb Code     0  init.o(.text)
    BusFault_Handler                         0x08000425   Thumb Code     2  stm32f1xx_it.o(.text.BusFault_Handler)
    ChassisLine_Openmv                       0x08000429   Thumb Code   460  motor.o(.text.ChassisLine_Openmv)
    DebugMon_Handler                         0x080005f5   Thumb Code     2  stm32f1xx_it.o(.text.DebugMon_Handler)
    Error_Handler                            0x080005f7   Thumb Code     2  main.o(.text.Error_Handler)
    HAL_DMA_Abort                            0x080005f9   Thumb Code    62  stm32f1xx_hal_dma.o(.text.HAL_DMA_Abort)
    HAL_DMA_Abort_IT                         0x08000639   Thumb Code   244  stm32f1xx_hal_dma.o(.text.HAL_DMA_Abort_IT)
    HAL_GPIO_Init                            0x0800072d   Thumb Code   432  stm32f1xx_hal_gpio.o(.text.HAL_GPIO_Init)
    HAL_GPIO_WritePin                        0x080008d9   Thumb Code    10  stm32f1xx_hal_gpio.o(.text.HAL_GPIO_WritePin)
    HAL_GetTick                              0x080008e5   Thumb Code    12  stm32f1xx_hal.o(.text.HAL_GetTick)
    HAL_IncTick                              0x080008ed   Thumb Code    16  stm32f1xx_hal.o(.text.HAL_IncTick)
    HAL_Init                                 0x080008f9   Thumb Code    36  stm32f1xx_hal.o(.text.HAL_Init)
    HAL_InitTick                             0x0800091d   Thumb Code    64  stm32f1xx_hal.o(.text.HAL_InitTick)
    HAL_MspInit                              0x08000959   Thumb Code    64  stm32f1xx_hal_msp.o(.text.HAL_MspInit)
    HAL_NVIC_EnableIRQ                       0x08000999   Thumb Code    28  stm32f1xx_hal_cortex.o(.text.HAL_NVIC_EnableIRQ)
    HAL_NVIC_SetPriority                     0x080009b5   Thumb Code    92  stm32f1xx_hal_cortex.o(.text.HAL_NVIC_SetPriority)
    HAL_NVIC_SetPriorityGrouping             0x08000a0d   Thumb Code    32  stm32f1xx_hal_cortex.o(.text.HAL_NVIC_SetPriorityGrouping)
    HAL_RCC_ClockConfig                      0x08000a2d   Thumb Code   312  stm32f1xx_hal_rcc.o(.text.HAL_RCC_ClockConfig)
    HAL_RCC_GetPCLK1Freq                     0x08000b61   Thumb Code    32  stm32f1xx_hal_rcc.o(.text.HAL_RCC_GetPCLK1Freq)
    HAL_RCC_GetPCLK2Freq                     0x08000b75   Thumb Code    32  stm32f1xx_hal_rcc.o(.text.HAL_RCC_GetPCLK2Freq)
    HAL_RCC_GetSysClockFreq                  0x08000b91   Thumb Code    88  stm32f1xx_hal_rcc.o(.text.HAL_RCC_GetSysClockFreq)
    HAL_RCC_OscConfig                        0x08000be9   Thumb Code   896  stm32f1xx_hal_rcc.o(.text.HAL_RCC_OscConfig)
    HAL_SYSTICK_Config                       0x08000f69   Thumb Code    40  stm32f1xx_hal_cortex.o(.text.HAL_SYSTICK_Config)
    HAL_TIMEx_BreakCallback                  0x08000f91   Thumb Code     2  stm32f1xx_hal_tim_ex.o(.text.HAL_TIMEx_BreakCallback)
    HAL_TIMEx_CommutCallback                 0x08000f93   Thumb Code     2  stm32f1xx_hal_tim_ex.o(.text.HAL_TIMEx_CommutCallback)
    HAL_TIMEx_MasterConfigSynchronization    0x08000f95   Thumb Code   128  stm32f1xx_hal_tim_ex.o(.text.HAL_TIMEx_MasterConfigSynchronization)
    HAL_TIM_Base_Init                        0x08001001   Thumb Code    88  stm32f1xx_hal_tim.o(.text.HAL_TIM_Base_Init)
    HAL_TIM_Base_MspInit                     0x08001059   Thumb Code   104  tim.o(.text.HAL_TIM_Base_MspInit)
    HAL_TIM_Base_Start_IT                    0x080010bd   Thumb Code   108  stm32f1xx_hal_tim.o(.text.HAL_TIM_Base_Start_IT)
    HAL_TIM_ConfigClockSource                0x08001129   Thumb Code   272  stm32f1xx_hal_tim.o(.text.HAL_TIM_ConfigClockSource)
    HAL_TIM_Encoder_Init                     0x08001239   Thumb Code   176  stm32f1xx_hal_tim.o(.text.HAL_TIM_Encoder_Init)
    HAL_TIM_Encoder_MspInit                  0x080012e9   Thumb Code   384  tim.o(.text.HAL_TIM_Encoder_MspInit)
    HAL_TIM_Encoder_Start                    0x08001469   Thumb Code   172  stm32f1xx_hal_tim.o(.text.HAL_TIM_Encoder_Start)
    HAL_TIM_IC_CaptureCallback               0x08001515   Thumb Code     2  stm32f1xx_hal_tim.o(.text.HAL_TIM_IC_CaptureCallback)
    HAL_TIM_IRQHandler                       0x08001517   Thumb Code   370  stm32f1xx_hal_tim.o(.text.HAL_TIM_IRQHandler)
    HAL_TIM_MspPostInit                      0x08001689   Thumb Code   140  tim.o(.text.HAL_TIM_MspPostInit)
    HAL_TIM_OC_DelayElapsedCallback          0x08001715   Thumb Code     2  stm32f1xx_hal_tim.o(.text.HAL_TIM_OC_DelayElapsedCallback)
    HAL_TIM_PWM_ConfigChannel                0x08001719   Thumb Code   152  stm32f1xx_hal_tim.o(.text.HAL_TIM_PWM_ConfigChannel)
    HAL_TIM_PWM_Init                         0x080017b1   Thumb Code    88  stm32f1xx_hal_tim.o(.text.HAL_TIM_PWM_Init)
    HAL_TIM_PWM_MspInit                      0x08001809   Thumb Code     2  stm32f1xx_hal_tim.o(.text.HAL_TIM_PWM_MspInit)
    HAL_TIM_PWM_PulseFinishedCallback        0x0800180b   Thumb Code     2  stm32f1xx_hal_tim.o(.text.HAL_TIM_PWM_PulseFinishedCallback)
    HAL_TIM_PWM_Start                        0x0800180d   Thumb Code   216  stm32f1xx_hal_tim.o(.text.HAL_TIM_PWM_Start)
    HAL_TIM_PeriodElapsedCallback            0x080018e5   Thumb Code   192  main.o(.text.HAL_TIM_PeriodElapsedCallback)
    HAL_TIM_TriggerCallback                  0x080019a5   Thumb Code     2  stm32f1xx_hal_tim.o(.text.HAL_TIM_TriggerCallback)
    HAL_UARTEx_RxEventCallback               0x080019a7   Thumb Code     2  stm32f1xx_hal_uart.o(.text.HAL_UARTEx_RxEventCallback)
    HAL_UART_ErrorCallback                   0x080019a9   Thumb Code     2  stm32f1xx_hal_uart.o(.text.HAL_UART_ErrorCallback)
    HAL_UART_IRQHandler                      0x080019ad   Thumb Code   572  stm32f1xx_hal_uart.o(.text.HAL_UART_IRQHandler)
    HAL_UART_Init                            0x08001be9   Thumb Code    92  stm32f1xx_hal_uart.o(.text.HAL_UART_Init)
    HAL_UART_MspInit                         0x08001c45   Thumb Code   380  usart.o(.text.HAL_UART_MspInit)
    HAL_UART_Receive_IT                      0x08001db9   Thumb Code    46  stm32f1xx_hal_uart.o(.text.HAL_UART_Receive_IT)
    HAL_UART_RxCpltCallback                  0x08001de9   Thumb Code    40  main.o(.text.HAL_UART_RxCpltCallback)
    HAL_UART_TxCpltCallback                  0x08001e11   Thumb Code     2  stm32f1xx_hal_uart.o(.text.HAL_UART_TxCpltCallback)
    HardFault_Handler                        0x08001e13   Thumb Code     2  stm32f1xx_it.o(.text.HardFault_Handler)
    LineOpenMV_GetPWM                        0x08001e15   Thumb Code   116  openmv.o(.text.LineOpenMV_GetPWM)
    LineOpenMV_Init                          0x08001e85   Thumb Code    24  openmv.o(.text.LineOpenMV_Init)
    LineOpenMV_Recieve                       0x08001e95   Thumb Code    92  openmv.o(.text.LineOpenMV_Recieve)
    LineOpenMV_StopSingal                    0x08001eed   Thumb Code    44  openmv.o(.text.LineOpenMV_StopSingal)
    MX_GPIO_Init                             0x08001f19   Thumb Code   292  gpio.o(.text.MX_GPIO_Init)
    MX_TIM1_Init                             0x0800203d   Thumb Code    96  tim.o(.text.MX_TIM1_Init)
    MX_TIM2_Init                             0x0800209d   Thumb Code   200  tim.o(.text.MX_TIM2_Init)
    MX_TIM3_Init                             0x08002165   Thumb Code   104  tim.o(.text.MX_TIM3_Init)
    MX_TIM4_Init                             0x080021c9   Thumb Code    96  tim.o(.text.MX_TIM4_Init)
    MX_TIM5_Init                             0x08002225   Thumb Code    96  tim.o(.text.MX_TIM5_Init)
    MX_TIM8_Init                             0x0800227d   Thumb Code    96  tim.o(.text.MX_TIM8_Init)
    MX_USART1_UART_Init                      0x080022d5   Thumb Code    56  usart.o(.text.MX_USART1_UART_Init)
    MX_USART2_UART_Init                      0x0800230d   Thumb Code    56  usart.o(.text.MX_USART2_UART_Init)
    MX_USART3_UART_Init                      0x08002345   Thumb Code    56  usart.o(.text.MX_USART3_UART_Init)
    MemManage_Handler                        0x08002379   Thumb Code     2  stm32f1xx_it.o(.text.MemManage_Handler)
    NMI_Handler                              0x0800237b   Thumb Code     2  stm32f1xx_it.o(.text.NMI_Handler)
    NumOpenMV_Init                           0x0800237d   Thumb Code    24  openmv.o(.text.NumOpenMV_Init)
    NumOpenMV_Recieve                        0x0800238d   Thumb Code   100  openmv.o(.text.NumOpenMV_Recieve)
    PY_Delay_us_t                            0x080023f1   Thumb Code    48  delay.o(.text.PY_Delay_us_t)
    PY_usDelayOptimize                       0x0800241d   Thumb Code    72  delay.o(.text.PY_usDelayOptimize)
    PY_usDelayTest                           0x0800245d   Thumb Code    76  delay.o(.text.PY_usDelayTest)
    PendSV_Handler                           0x080024a9   Thumb Code     2  stm32f1xx_it.o(.text.PendSV_Handler)
    SVC_Handler                              0x080024ab   Thumb Code     2  stm32f1xx_it.o(.text.SVC_Handler)
    SysTick_Handler                          0x080024ad   Thumb Code     4  stm32f1xx_it.o(.text.SysTick_Handler)
    SystemClock_Config                       0x080024b1   Thumb Code    74  main.o(.text.SystemClock_Config)
    SystemInit                               0x080024fb   Thumb Code     2  system_stm32f1xx.o(.text.SystemInit)
    TIM1_CC_IRQHandler                       0x080024fd   Thumb Code    12  stm32f1xx_it.o(.text.TIM1_CC_IRQHandler)
    TIM2_IRQHandler                          0x08002509   Thumb Code    12  stm32f1xx_it.o(.text.TIM2_IRQHandler)
    TIM3_IRQHandler                          0x08002515   Thumb Code    12  stm32f1xx_it.o(.text.TIM3_IRQHandler)
    TIM4_IRQHandler                          0x08002521   Thumb Code    12  stm32f1xx_it.o(.text.TIM4_IRQHandler)
    TIM5_IRQHandler                          0x0800252d   Thumb Code    12  stm32f1xx_it.o(.text.TIM5_IRQHandler)
    TIM8_CC_IRQHandler                       0x08002539   Thumb Code    12  stm32f1xx_it.o(.text.TIM8_CC_IRQHandler)
    TIM_Base_SetConfig                       0x08002545   Thumb Code   152  stm32f1xx_hal_tim.o(.text.TIM_Base_SetConfig)
    TIM_OC2_SetConfig                        0x08002645   Thumb Code   124  stm32f1xx_hal_tim.o(.text.TIM_OC2_SetConfig)
    TurnChassis_Tim                          0x080027c5   Thumb Code   452  motor.o(.text.TurnChassis_Tim)
    UART_Start_Receive_IT                    0x08002afd   Thumb Code    50  stm32f1xx_hal_uart.o(.text.UART_Start_Receive_IT)
    USART1_IRQHandler                        0x08002b31   Thumb Code    12  stm32f1xx_it.o(.text.USART1_IRQHandler)
    USART2_IRQHandler                        0x08002b3d   Thumb Code    12  stm32f1xx_it.o(.text.USART2_IRQHandler)
    USART3_IRQHandler                        0x08002b45   Thumb Code    12  stm32f1xx_it.o(.text.USART3_IRQHandler)
    UsageFault_Handler                       0x08002b51   Thumb Code     2  stm32f1xx_it.o(.text.UsageFault_Handler)
    User_USART_Init                          0x08002b53   Thumb Code    24  jy901.o(.text.User_USART_Init)
    main                                     0x08002b6d   Thumb Code   228  main.o(.text.main)
    motor_Init                               0x08002c51   Thumb Code    28  motor.o(.text.motor_Init)
    pid_Init                                 0x08002c6d   Thumb Code    96  pid.o(.text.pid_Init)
    pid_SpeedControl_MA                      0x08002ccd   Thumb Code   104  pid.o(.text.pid_SpeedControl_MA)
    pid_SpeedControl_MB                      0x08002d35   Thumb Code   104  pid.o(.text.pid_SpeedControl_MB)
    pid_SpeedControl_MC                      0x08002d9d   Thumb Code   104  pid.o(.text.pid_SpeedControl_MC)
    pid_SpeedControl_MD                      0x08002e05   Thumb Code   104  pid.o(.text.pid_SpeedControl_MD)
    __scatterload_copy                       0x08002e6d   Thumb Code    14  handlers.o(i.__scatterload_copy)
    __scatterload_null                       0x08002e7b   Thumb Code     2  handlers.o(i.__scatterload_null)
    __scatterload_zeroinit                   0x08002e7d   Thumb Code    14  handlers.o(i.__scatterload_zeroinit)
    AHBPrescTable                            0x08002e8a   Data          16  system_stm32f1xx.o(.rodata.AHBPrescTable)
    APBPrescTable                            0x08002e9a   Data           8  system_stm32f1xx.o(.rodata.APBPrescTable)
    Region$$Table$$Base                      0x08002ea4   Number         0  anon$$obj.o(Region$$Table)
    Region$$Table$$Limit                     0x08002ec4   Number         0  anon$$obj.o(Region$$Table)
    basepwm                                  0x20000000   Data           4  main.o(.data..L_MergedGlobals)
    _StraightSingal                          0x20000004   Data           4  main.o(.data..L_MergedGlobals)
    _TurnSingal                              0x20000008   Data           4  main.o(.data..L_MergedGlobals)
    realspeed_MA                             0x2000000c   Data           4  main.o(.data..L_MergedGlobals)
    realspeed_MB                             0x20000010   Data           4  main.o(.data..L_MergedGlobals)
    realspeed_MC                             0x20000014   Data           4  main.o(.data..L_MergedGlobals)
    realspeed_MD                             0x20000018   Data           4  main.o(.data..L_MergedGlobals)
    uwTickFreq                               0x2000001c   Data           1  stm32f1xx_hal.o(.data..L_MergedGlobals)
    uwTickPrio                               0x20000020   Data           4  stm32f1xx_hal.o(.data..L_MergedGlobals)
    uwTick                                   0x20000024   Data           4  stm32f1xx_hal.o(.data..L_MergedGlobals)
    SystemCoreClock                          0x20000028   Data           4  system_stm32f1xx.o(.data.SystemCoreClock)
    target_speedMA                           0x20000030   Data           4  motor.o(.bss..L_MergedGlobals)
    target_speedMB                           0x20000034   Data           4  motor.o(.bss..L_MergedGlobals)
    target_speedMC                           0x20000038   Data           4  motor.o(.bss..L_MergedGlobals)
    target_speedMD                           0x2000003c   Data           4  motor.o(.bss..L_MergedGlobals)
    setPwm_MA                                0x20000040   Data           4  motor.o(.bss..L_MergedGlobals)
    setPwm_MB                                0x20000044   Data           4  motor.o(.bss..L_MergedGlobals)
    setPwm_MC                                0x20000048   Data           4  motor.o(.bss..L_MergedGlobals)
    setPwm_MD                                0x2000004c   Data           4  motor.o(.bss..L_MergedGlobals)
    target_angle                             0x20000050   Data           4  motor.o(.bss..L_MergedGlobals)
    watch_outerloopoutput                    0x20000054   Data           4  motor.o(.bss..L_MergedGlobals)
    watch_interloopoutput                    0x20000058   Data           4  motor.o(.bss..L_MergedGlobals)
    motorA                                   0x20000060   Data          20  pid.o(.bss..L_MergedGlobals)
    motorB                                   0x20000074   Data          20  pid.o(.bss..L_MergedGlobals)
    motorC                                   0x20000088   Data          20  pid.o(.bss..L_MergedGlobals)
    motorD                                   0x2000009c   Data          20  pid.o(.bss..L_MergedGlobals)
    carBody                                  0x200000b0   Data          40  pid.o(.bss..L_MergedGlobals)
    LineMV_buffArr                           0x200000e0   Data           4  openmv.o(.bss..L_MergedGlobals)
    NumMV_buffArr                            0x200000e4   Data           4  openmv.o(.bss..L_MergedGlobals)
    NumMV_dataArr                            0x200000e8   Data           4  openmv.o(.bss..L_MergedGlobals)
    openmv_setpwm                            0x200000ec   Data           4  openmv.o(.bss..L_MergedGlobals)
    openmv_turnway                           0x200000f0   Data           4  openmv.o(.bss..L_MergedGlobals)
    LineMV_dataArr                           0x200000f4   Data          32  openmv.o(.bss..L_MergedGlobals)
    JY901_data                               0x20000114   Data         132  jy901.o(.bss.JY901_data)
    htim1                                    0x200001a4   Data          72  tim.o(.bss.htim1)
    htim2                                    0x200001ec   Data          72  tim.o(.bss.htim2)
    htim3                                    0x20000234   Data          72  tim.o(.bss.htim3)
    htim4                                    0x2000027c   Data          72  tim.o(.bss.htim4)
    htim5                                    0x200002c4   Data          72  tim.o(.bss.htim5)
    htim8                                    0x2000030c   Data          72  tim.o(.bss.htim8)
    huart1                                   0x20000354   Data          68  usart.o(.bss.huart1)
    huart2                                   0x20000398   Data          68  usart.o(.bss.huart2)
    huart3                                   0x200003dc   Data          68  usart.o(.bss.huart3)
    usDelayBase                              0x20000430   Data           4  delay.o(.bss.usDelayBase)
    __initial_sp                             0x20000838   Data           0  startup_stm32f103xe.o(STACK)



==============================================================================

Memory Map of the image

  Image Entry point : 0x08000131

  Load Region LR_IROM1 (Base: 0x08000000, Size: 0x00002f00, Max: 0x00080000, ABSOLUTE)

    Execution Region ER_IROM1 (Exec base: 0x08000000, Load base: 0x08000000, Size: 0x00002ec4, Max: 0x00080000, ABSOLUTE)

    Exec Addr    Load Addr    Size         Type   Attr      Idx    E Section Name        Object

    0x08000000   0x08000000   0x00000130   Data   RO            3    RESET               startup_stm32f103xe.o
    0x08000130   0x08000130   0x00000000   Code   RO         1191  * .ARM.Collect$$$$00000000  mc_w.l(entry.o)
    0x08000130   0x08000130   0x00000004   Code   RO         1220    .ARM.Collect$$$$00000001  mc_w.l(entry2.o)
    0x08000134   0x08000134   0x00000004   Code   RO         1223    .ARM.Collect$$$$00000004  mc_w.l(entry5.o)
    0x08000138   0x08000138   0x00000000   Code   RO         1225    .ARM.Collect$$$$00000008  mc_w.l(entry7b.o)
    0x08000138   0x08000138   0x00000000   Code   RO         1227    .ARM.Collect$$$$0000000A  mc_w.l(entry8b.o)
    0x08000138   0x08000138   0x00000008   Code   RO         1228    .ARM.Collect$$$$0000000B  mc_w.l(entry9a.o)
    0x08000140   0x08000140   0x00000000   Code   RO         1230    .ARM.Collect$$$$0000000D  mc_w.l(entry10a.o)
    0x08000140   0x08000140   0x00000000   Code   RO         1232    .ARM.Collect$$$$0000000F  mc_w.l(entry11a.o)
    0x08000140   0x08000140   0x00000004   Code   RO         1221    .ARM.Collect$$$$00002712  mc_w.l(entry2.o)
    0x08000144   0x08000144   0x00000024   Code   RO            4    .text               startup_stm32f103xe.o
    0x08000168   0x08000168   0x00000024   Code   RO         1194    .text               mc_w.l(memseta.o)
    0x0800018c   0x0800018c   0x000000b0   Code   RO         1196    .text               mf_w.l(fadd.o)
    0x0800023c   0x0800023c   0x00000064   Code   RO         1198    .text               mf_w.l(fmul.o)
    0x080002a0   0x080002a0   0x0000007c   Code   RO         1200    .text               mf_w.l(fdiv.o)
    0x0800031c   0x0800031c   0x00000012   Code   RO         1206    .text               mf_w.l(fflti.o)
    0x0800032e   0x0800032e   0x0000000a   Code   RO         1208    .text               mf_w.l(ffltui.o)
    0x08000338   0x08000338   0x00000032   Code   RO         1212    .text               mf_w.l(ffixi.o)
    0x0800036a   0x0800036a   0x00000028   Code   RO         1214    .text               mf_w.l(ffixui.o)
    0x08000392   0x08000392   0x00000000   Code   RO         1238    .text               mc_w.l(iusefp.o)
    0x08000392   0x08000392   0x0000006e   Code   RO         1239    .text               mf_w.l(fepilogue.o)
    0x08000400   0x08000400   0x00000024   Code   RO         1243    .text               mc_w.l(init.o)
    0x08000424   0x08000424   0x00000002   Code   RO          143    .text.BusFault_Handler  stm32f1xx_it.o
    0x08000426   0x08000426   0x00000002   PAD
    0x08000428   0x08000428   0x000001cc   Code   RO         1092    .text.ChassisLine_Openmv  motor.o
    0x080005f4   0x080005f4   0x00000002   Code   RO          149    .text.DebugMon_Handler  stm32f1xx_it.o
    0x080005f6   0x080005f6   0x00000002   Code   RO           39    .text.Error_Handler  main.o
    0x080005f8   0x080005f8   0x0000003e   Code   RO          705    .text.HAL_DMA_Abort  stm32f1xx_hal_dma.o
    0x08000636   0x08000636   0x00000002   PAD
    0x08000638   0x08000638   0x000000f4   Code   RO          707    .text.HAL_DMA_Abort_IT  stm32f1xx_hal_dma.o
    0x0800072c   0x0800072c   0x000001ac   Code   RO          668    .text.HAL_GPIO_Init  stm32f1xx_hal_gpio.o
    0x080008d8   0x080008d8   0x0000000a   Code   RO          674    .text.HAL_GPIO_WritePin  stm32f1xx_hal_gpio.o
    0x080008e2   0x080008e2   0x00000002   PAD
    0x080008e4   0x080008e4   0x00000008   Code   RO          562    .text.HAL_GetTick   stm32f1xx_hal.o
    0x080008ec   0x080008ec   0x0000000c   Code   RO          560    .text.HAL_IncTick   stm32f1xx_hal.o
    0x080008f8   0x080008f8   0x00000024   Code   RO          550    .text.HAL_Init      stm32f1xx_hal.o
    0x0800091c   0x0800091c   0x0000003c   Code   RO          552    .text.HAL_InitTick  stm32f1xx_hal.o
    0x08000958   0x08000958   0x00000040   Code   RO          183    .text.HAL_MspInit   stm32f1xx_hal_msp.o
    0x08000998   0x08000998   0x0000001c   Code   RO          736    .text.HAL_NVIC_EnableIRQ  stm32f1xx_hal_cortex.o
    0x080009b4   0x080009b4   0x00000058   Code   RO          734    .text.HAL_NVIC_SetPriority  stm32f1xx_hal_cortex.o
    0x08000a0c   0x08000a0c   0x00000020   Code   RO          732    .text.HAL_NVIC_SetPriorityGrouping  stm32f1xx_hal_cortex.o
    0x08000a2c   0x08000a2c   0x00000134   Code   RO          616    .text.HAL_RCC_ClockConfig  stm32f1xx_hal_rcc.o
    0x08000b60   0x08000b60   0x00000014   Code   RO          628    .text.HAL_RCC_GetPCLK1Freq  stm32f1xx_hal_rcc.o
    0x08000b74   0x08000b74   0x0000001c   Code   RO          630    .text.HAL_RCC_GetPCLK2Freq  stm32f1xx_hal_rcc.o
    0x08000b90   0x08000b90   0x00000058   Code   RO          618    .text.HAL_RCC_GetSysClockFreq  stm32f1xx_hal_rcc.o
    0x08000be8   0x08000be8   0x00000380   Code   RO          614    .text.HAL_RCC_OscConfig  stm32f1xx_hal_rcc.o
    0x08000f68   0x08000f68   0x00000028   Code   RO          742    .text.HAL_SYSTICK_Config  stm32f1xx_hal_cortex.o
    0x08000f90   0x08000f90   0x00000002   Code   RO          533    .text.HAL_TIMEx_BreakCallback  stm32f1xx_hal_tim_ex.o
    0x08000f92   0x08000f92   0x00000002   Code   RO          529    .text.HAL_TIMEx_CommutCallback  stm32f1xx_hal_tim_ex.o
    0x08000f94   0x08000f94   0x0000006c   Code   RO          523    .text.HAL_TIMEx_MasterConfigSynchronization  stm32f1xx_hal_tim_ex.o
    0x08001000   0x08001000   0x00000058   Code   RO          213    .text.HAL_TIM_Base_Init  stm32f1xx_hal_tim.o
    0x08001058   0x08001058   0x00000064   Code   RO           90    .text.HAL_TIM_Base_MspInit  tim.o
    0x080010bc   0x080010bc   0x0000006c   Code   RO          227    .text.HAL_TIM_Base_Start_IT  stm32f1xx_hal_tim.o
    0x08001128   0x08001128   0x00000110   Code   RO          401    .text.HAL_TIM_ConfigClockSource  stm32f1xx_hal_tim.o
    0x08001238   0x08001238   0x000000b0   Code   RO          327    .text.HAL_TIM_Encoder_Init  stm32f1xx_hal_tim.o
    0x080012e8   0x080012e8   0x00000180   Code   RO           88    .text.HAL_TIM_Encoder_MspInit  tim.o
    0x08001468   0x08001468   0x000000ac   Code   RO          335    .text.HAL_TIM_Encoder_Start  stm32f1xx_hal_tim.o
    0x08001514   0x08001514   0x00000002   Code   RO          349    .text.HAL_TIM_IC_CaptureCallback  stm32f1xx_hal_tim.o
    0x08001516   0x08001516   0x00000172   Code   RO          347    .text.HAL_TIM_IRQHandler  stm32f1xx_hal_tim.o
    0x08001688   0x08001688   0x0000008c   Code   RO           78    .text.HAL_TIM_MspPostInit  tim.o
    0x08001714   0x08001714   0x00000002   Code   RO          351    .text.HAL_TIM_OC_DelayElapsedCallback  stm32f1xx_hal_tim.o
    0x08001716   0x08001716   0x00000002   PAD
    0x08001718   0x08001718   0x00000098   Code   RO          375    .text.HAL_TIM_PWM_ConfigChannel  stm32f1xx_hal_tim.o
    0x080017b0   0x080017b0   0x00000058   Code   RO          267    .text.HAL_TIM_PWM_Init  stm32f1xx_hal_tim.o
    0x08001808   0x08001808   0x00000002   Code   RO          269    .text.HAL_TIM_PWM_MspInit  stm32f1xx_hal_tim.o
    0x0800180a   0x0800180a   0x00000002   Code   RO          353    .text.HAL_TIM_PWM_PulseFinishedCallback  stm32f1xx_hal_tim.o
    0x0800180c   0x0800180c   0x000000d8   Code   RO          275    .text.HAL_TIM_PWM_Start  stm32f1xx_hal_tim.o
    0x080018e4   0x080018e4   0x000000c0   Code   RO           31    .text.HAL_TIM_PeriodElapsedCallback  main.o
    0x080019a4   0x080019a4   0x00000002   Code   RO          357    .text.HAL_TIM_TriggerCallback  stm32f1xx_hal_tim.o
    0x080019a6   0x080019a6   0x00000002   Code   RO         1002    .text.HAL_UARTEx_RxEventCallback  stm32f1xx_hal_uart.o
    0x080019a8   0x080019a8   0x00000002   Code   RO         1000    .text.HAL_UART_ErrorCallback  stm32f1xx_hal_uart.o
    0x080019aa   0x080019aa   0x00000002   PAD
    0x080019ac   0x080019ac   0x0000023c   Code   RO          994    .text.HAL_UART_IRQHandler  stm32f1xx_hal_uart.o
    0x08001be8   0x08001be8   0x0000005c   Code   RO          914    .text.HAL_UART_Init  stm32f1xx_hal_uart.o
    0x08001c44   0x08001c44   0x00000174   Code   RO          119    .text.HAL_UART_MspInit  usart.o
    0x08001db8   0x08001db8   0x0000002e   Code   RO          938    .text.HAL_UART_Receive_IT  stm32f1xx_hal_uart.o
    0x08001de6   0x08001de6   0x00000002   PAD
    0x08001de8   0x08001de8   0x00000028   Code   RO           33    .text.HAL_UART_RxCpltCallback  main.o
    0x08001e10   0x08001e10   0x00000002   Code   RO         1004    .text.HAL_UART_TxCpltCallback  stm32f1xx_hal_uart.o
    0x08001e12   0x08001e12   0x00000002   Code   RO          139    .text.HardFault_Handler  stm32f1xx_it.o
    0x08001e14   0x08001e14   0x00000070   Code   RO         1143    .text.LineOpenMV_GetPWM  openmv.o
    0x08001e84   0x08001e84   0x00000010   Code   RO         1139    .text.LineOpenMV_Init  openmv.o
    0x08001e94   0x08001e94   0x00000058   Code   RO         1141    .text.LineOpenMV_Recieve  openmv.o
    0x08001eec   0x08001eec   0x0000002c   Code   RO         1145    .text.LineOpenMV_StopSingal  openmv.o
    0x08001f18   0x08001f18   0x00000124   Code   RO           61    .text.MX_GPIO_Init  gpio.o
    0x0800203c   0x0800203c   0x00000060   Code   RO           74    .text.MX_TIM1_Init  tim.o
    0x0800209c   0x0800209c   0x000000c8   Code   RO           76    .text.MX_TIM2_Init  tim.o
    0x08002164   0x08002164   0x00000064   Code   RO           80    .text.MX_TIM3_Init  tim.o
    0x080021c8   0x080021c8   0x0000005c   Code   RO           82    .text.MX_TIM4_Init  tim.o
    0x08002224   0x08002224   0x00000058   Code   RO           84    .text.MX_TIM5_Init  tim.o
    0x0800227c   0x0800227c   0x00000058   Code   RO           86    .text.MX_TIM8_Init  tim.o
    0x080022d4   0x080022d4   0x00000038   Code   RO          113    .text.MX_USART1_UART_Init  usart.o
    0x0800230c   0x0800230c   0x00000038   Code   RO          115    .text.MX_USART2_UART_Init  usart.o
    0x08002344   0x08002344   0x00000034   Code   RO          117    .text.MX_USART3_UART_Init  usart.o
    0x08002378   0x08002378   0x00000002   Code   RO          141    .text.MemManage_Handler  stm32f1xx_it.o
    0x0800237a   0x0800237a   0x00000002   Code   RO          137    .text.NMI_Handler   stm32f1xx_it.o
    0x0800237c   0x0800237c   0x00000010   Code   RO         1149    .text.NumOpenMV_Init  openmv.o
    0x0800238c   0x0800238c   0x00000064   Code   RO         1151    .text.NumOpenMV_Recieve  openmv.o
    0x080023f0   0x080023f0   0x0000002c   Code   RO         1170    .text.PY_Delay_us_t  delay.o
    0x0800241c   0x0800241c   0x00000040   Code   RO         1172    .text.PY_usDelayOptimize  delay.o
    0x0800245c   0x0800245c   0x0000004c   Code   RO         1168    .text.PY_usDelayTest  delay.o
    0x080024a8   0x080024a8   0x00000002   Code   RO          151    .text.PendSV_Handler  stm32f1xx_it.o
    0x080024aa   0x080024aa   0x00000002   Code   RO          147    .text.SVC_Handler   stm32f1xx_it.o
    0x080024ac   0x080024ac   0x00000004   Code   RO          153    .text.SysTick_Handler  stm32f1xx_it.o
    0x080024b0   0x080024b0   0x0000004a   Code   RO           37    .text.SystemClock_Config  main.o
    0x080024fa   0x080024fa   0x00000002   Code   RO         1041    .text.SystemInit    system_stm32f1xx.o
    0x080024fc   0x080024fc   0x0000000c   Code   RO          155    .text.TIM1_CC_IRQHandler  stm32f1xx_it.o
    0x08002508   0x08002508   0x0000000c   Code   RO          157    .text.TIM2_IRQHandler  stm32f1xx_it.o
    0x08002514   0x08002514   0x0000000c   Code   RO          159    .text.TIM3_IRQHandler  stm32f1xx_it.o
    0x08002520   0x08002520   0x0000000c   Code   RO          161    .text.TIM4_IRQHandler  stm32f1xx_it.o
    0x0800252c   0x0800252c   0x0000000c   Code   RO          171    .text.TIM5_IRQHandler  stm32f1xx_it.o
    0x08002538   0x08002538   0x0000000c   Code   RO          169    .text.TIM8_CC_IRQHandler  stm32f1xx_it.o
    0x08002544   0x08002544   0x00000090   Code   RO          217    .text.TIM_Base_SetConfig  stm32f1xx_hal_tim.o
    0x080025d4   0x080025d4   0x00000070   Code   RO          361    .text.TIM_OC1_SetConfig  stm32f1xx_hal_tim.o
    0x08002644   0x08002644   0x00000074   Code   RO          363    .text.TIM_OC2_SetConfig  stm32f1xx_hal_tim.o
    0x080026b8   0x080026b8   0x00000074   Code   RO          365    .text.TIM_OC3_SetConfig  stm32f1xx_hal_tim.o
    0x0800272c   0x0800272c   0x00000054   Code   RO          367    .text.TIM_OC4_SetConfig  stm32f1xx_hal_tim.o
    0x08002780   0x08002780   0x00000022   Code   RO          403    .text.TIM_TI1_ConfigInputStage  stm32f1xx_hal_tim.o
    0x080027a2   0x080027a2   0x00000022   Code   RO          405    .text.TIM_TI2_ConfigInputStage  stm32f1xx_hal_tim.o
    0x080027c4   0x080027c4   0x000001c0   Code   RO         1094    .text.TurnChassis_Tim  motor.o
    0x08002984   0x08002984   0x0000000c   Code   RO          998    .text.UART_DMAAbortOnError  stm32f1xx_hal_uart.o
    0x08002990   0x08002990   0x0000002c   Code   RO          960    .text.UART_EndRxTransfer  stm32f1xx_hal_uart.o
    0x080029bc   0x080029bc   0x000000ba   Code   RO          996    .text.UART_Receive_IT  stm32f1xx_hal_uart.o
    0x08002a76   0x08002a76   0x00000002   PAD
    0x08002a78   0x08002a78   0x00000084   Code   RO          918    .text.UART_SetConfig  stm32f1xx_hal_uart.o
    0x08002afc   0x08002afc   0x00000032   Code   RO          940    .text.UART_Start_Receive_IT  stm32f1xx_hal_uart.o
    0x08002b2e   0x08002b2e   0x00000002   PAD
    0x08002b30   0x08002b30   0x0000000c   Code   RO          163    .text.USART1_IRQHandler  stm32f1xx_it.o
    0x08002b3c   0x08002b3c   0x00000008   Code   RO          165    .text.USART2_IRQHandler  stm32f1xx_it.o
    0x08002b44   0x08002b44   0x0000000c   Code   RO          167    .text.USART3_IRQHandler  stm32f1xx_it.o
    0x08002b50   0x08002b50   0x00000002   Code   RO          145    .text.UsageFault_Handler  stm32f1xx_it.o
    0x08002b52   0x08002b52   0x00000018   Code   RO         1059    .text.User_USART_Init  jy901.o
    0x08002b6a   0x08002b6a   0x00000002   PAD
    0x08002b6c   0x08002b6c   0x000000e4   Code   RO           35    .text.main          main.o
    0x08002c50   0x08002c50   0x0000001c   Code   RO         1082    .text.motor_Init    motor.o
    0x08002c6c   0x08002c6c   0x00000060   Code   RO         1108    .text.pid_Init      pid.o
    0x08002ccc   0x08002ccc   0x00000068   Code   RO         1110    .text.pid_SpeedControl_MA  pid.o
    0x08002d34   0x08002d34   0x00000068   Code   RO         1112    .text.pid_SpeedControl_MB  pid.o
    0x08002d9c   0x08002d9c   0x00000068   Code   RO         1114    .text.pid_SpeedControl_MC  pid.o
    0x08002e04   0x08002e04   0x00000068   Code   RO         1116    .text.pid_SpeedControl_MD  pid.o
    0x08002e6c   0x08002e6c   0x0000000e   Code   RO         1249    i.__scatterload_copy  mc_w.l(handlers.o)
    0x08002e7a   0x08002e7a   0x00000002   Code   RO         1250    i.__scatterload_null  mc_w.l(handlers.o)
    0x08002e7c   0x08002e7c   0x0000000e   Code   RO         1251    i.__scatterload_zeroinit  mc_w.l(handlers.o)
    0x08002e8a   0x08002e8a   0x00000010   Data   RO         1046    .rodata.AHBPrescTable  system_stm32f1xx.o
    0x08002e9a   0x08002e9a   0x00000008   Data   RO         1047    .rodata.APBPrescTable  system_stm32f1xx.o
    0x08002ea2   0x08002ea2   0x00000002   PAD
    0x08002ea4   0x08002ea4   0x00000020   Data   RO         1247    Region$$Table       anon$$obj.o


    Execution Region RW_IRAM1 (Exec base: 0x20000000, Load base: 0x08002ed0, Size: 0x00000838, Max: 0x00010000, ABSOLUTE)

    Exec Addr    Load Addr    Size         Type   Attr      Idx    E Section Name        Object

    0x20000000   0x08002ed0   0x0000001c   Data   RW           49    .data..L_MergedGlobals  main.o
    0x2000001c   0x08002eec   0x0000000c   Data   RW          600    .data..L_MergedGlobals  stm32f1xx_hal.o
    0x20000028   0x08002ef8   0x00000004   Data   RW         1045    .data.SystemCoreClock  system_stm32f1xx.o
    0x2000002c   0x08002efc   0x00000004   PAD
    0x20000030        -       0x0000002c   Zero   RW         1096    .bss..L_MergedGlobals  motor.o
    0x2000005c   0x08002efc   0x00000004   PAD
    0x20000060        -       0x00000078   Zero   RW         1127    .bss..L_MergedGlobals  pid.o
    0x200000d8   0x08002efc   0x00000008   PAD
    0x200000e0        -       0x00000034   Zero   RW         1156    .bss..L_MergedGlobals  openmv.o
    0x20000114        -       0x00000084   Zero   RW         1070    .bss.JY901_data     jy901.o
    0x20000198        -       0x00000004   Zero   RW         1154    .bss.LineOpenMV_Recieve.length  openmv.o
    0x2000019c        -       0x00000001   Zero   RW         1153    .bss.LineOpenMV_Recieve.state  openmv.o
    0x2000019d   0x08002efc   0x00000003   PAD
    0x200001a0        -       0x00000004   Zero   RW         1155    .bss.NumOpenMV_Recieve.length  openmv.o
    0x200001a4        -       0x00000048   Zero   RW           96    .bss.htim1          tim.o
    0x200001ec        -       0x00000048   Zero   RW           97    .bss.htim2          tim.o
    0x20000234        -       0x00000048   Zero   RW           98    .bss.htim3          tim.o
    0x2000027c        -       0x00000048   Zero   RW           99    .bss.htim4          tim.o
    0x200002c4        -       0x00000048   Zero   RW          100    .bss.htim5          tim.o
    0x2000030c        -       0x00000048   Zero   RW          101    .bss.htim8          tim.o
    0x20000354        -       0x00000044   Zero   RW          123    .bss.huart1         usart.o
    0x20000398        -       0x00000044   Zero   RW          124    .bss.huart2         usart.o
    0x200003dc        -       0x00000044   Zero   RW          125    .bss.huart3         usart.o
    0x20000420        -       0x00000004   Zero   RW         1122    .bss.pid_SpeedControl_MA.I_path  pid.o
    0x20000424        -       0x00000004   Zero   RW         1123    .bss.pid_SpeedControl_MB.I_path  pid.o
    0x20000428        -       0x00000004   Zero   RW         1124    .bss.pid_SpeedControl_MC.I_path  pid.o
    0x2000042c        -       0x00000004   Zero   RW         1125    .bss.pid_SpeedControl_MD.I_path  pid.o
    0x20000430        -       0x00000004   Zero   RW         1180    .bss.usDelayBase    delay.o
    0x20000434   0x08002efc   0x00000004   PAD
    0x20000438        -       0x00000400   Zero   RW            1    STACK               startup_stm32f103xe.o


==============================================================================

Image component sizes


      Code (inc. data)   RO Data    RW Data    ZI Data      Debug   Object Name

       184         16          0          0          4       2345   delay.o
       292         16          0          0          0       1949   gpio.o
        24          0          0          0        132       2809   jy901.o
       536         68          0         28          0       8235   main.o
       936         88          0          0         44       3678   motor.o
       376         32          0          0         61       2250   openmv.o
       512         32          0          0        136       3558   pid.o
        36          8        304          0       1024        792   startup_stm32f103xe.o
       116          8          0         12          0       6833   stm32f1xx_hal.o
       188         24          0          0          0       8751   stm32f1xx_hal_cortex.o
       306         44          0          0          0       6815   stm32f1xx_hal_dma.o
       438         52          0          0          0       4737   stm32f1xx_hal_gpio.o
        64          8          0          0          0       1359   stm32f1xx_hal_msp.o
      1340         72          0          0          0       7598   stm32f1xx_hal_rcc.o
      2292         68          0          0          0      45703   stm32f1xx_hal_tim.o
       112          0          0          0          0      19617   stm32f1xx_hal_tim_ex.o
      1140          8          0          0          0      19965   stm32f1xx_hal_uart.o
       124         32          0          0          0       2205   stm32f1xx_it.o
         2          0         24          4          0       1720   system_stm32f1xx.o
      1288         76          0          0        432      10920   tim.o
       536         40          0          0        204       7131   usart.o

    ----------------------------------------------------------------------
     10860        692        362         44       2060     168970   Object Totals
         0          0         32          0          0          0   (incl. Generated)
        18          0          2          0         23          0   (incl. Padding)

    ----------------------------------------------------------------------

      Code (inc. data)   RO Data    RW Data    ZI Data      Debug   Library Member Name

         0          0          0          0          0          0   entry.o
         0          0          0          0          0          0   entry10a.o
         0          0          0          0          0          0   entry11a.o
         8          4          0          0          0          0   entry2.o
         4          0          0          0          0          0   entry5.o
         0          0          0          0          0          0   entry7b.o
         0          0          0          0          0          0   entry8b.o
         8          4          0          0          0          0   entry9a.o
        30          0          0          0          0          0   handlers.o
        36          8          0          0          0         68   init.o
         0          0          0          0          0          0   iusefp.o
        36          0          0          0          0        108   memseta.o
       176          0          0          0          0        140   fadd.o
       124          0          0          0          0         88   fdiv.o
       110          0          0          0          0        168   fepilogue.o
        50          0          0          0          0         68   ffixi.o
        40          0          0          0          0         68   ffixui.o
        18          0          0          0          0         68   fflti.o
        10          0          0          0          0         68   ffltui.o
       100          0          0          0          0         76   fmul.o

    ----------------------------------------------------------------------
       750         16          0          0          0        920   Library Totals
         0          0          0          0          0          0   (incl. Padding)

    ----------------------------------------------------------------------

      Code (inc. data)   RO Data    RW Data    ZI Data      Debug   Library Name

       122         16          0          0          0        176   mc_w.l
       628          0          0          0          0        744   mf_w.l

    ----------------------------------------------------------------------
       750         16          0          0          0        920   Library Totals

    ----------------------------------------------------------------------

==============================================================================


      Code (inc. data)   RO Data    RW Data    ZI Data      Debug   

     11610        708        362         44       2060     169426   Grand Totals
     11610        708        362         44       2060     169426   ELF Image Totals
     11610        708        362         44          0          0   ROM Totals

==============================================================================

    Total RO  Size (Code + RO Data)                11972 (  11.69kB)
    Total RW  Size (RW Data + ZI Data)              2104 (   2.05kB)
    Total ROM Size (Code + RO Data + RW Data)      12016 (  11.73kB)

==============================================================================

